0 verbose cli /opt/homebrew/Cellar/node/25.9.0_1/bin/node /opt/homebrew/bin/npm
1 info using npm@11.12.1
2 info using node@v25.9.0
3 silly config load:file:/opt/homebrew/lib/node_modules/npm/npmrc
4 silly config load:file:/Users/macbook/Documents/School/model-magazynu-opadowego-ELM08/.npmrc
5 silly config load:file:/Users/macbook/.npmrc
6 silly config load:file:/opt/homebrew/etc/npmrc
7 verbose title npm install
8 verbose argv "install" "--no-audit" "--no-fund" "--cache" "./.npm-cache"
9 verbose logfile logs-max:10 dir:/Users/macbook/Documents/School/model-magazynu-opadowego-ELM08/.npm-cache/_logs/2026-09-13T17_58_10_572Z-
10 verbose logfile /Users/macbook/Documents/School/model-magazynu-opadowego-ELM08/.npm-cache/_logs/2026-09-13T17_58_10_572Z-debug-0.log
11 silly logfile done cleaning log files
12 silly packumentCache heap:4496293888 maxSize:1124073472 maxEntrySize:562036736
13 silly idealTree buildDeps
14 silly fetch manifest react@^18.3.1
15 silly packumentCache full:https://registry.npmjs.org/react cache-miss
16 http fetch GET 200 https://registry.npmjs.org/npm 163ms
17 http fetch GET 200 https://registry.npmjs.org/react 263ms (cache miss)
18 silly packumentCache full:https://registry.npmjs.org/react set size:undefined disposed:false
19 silly fetch manifest react-dom@^18.3.1
20 silly packumentCache full:https://registry.npmjs.org/react-dom cache-miss
21 http fetch GET 200 https://registry.npmjs.org/react-dom 164ms (cache miss)
22 silly packumentCache full:https://registry.npmjs.org/react-dom set size:undefined disposed:false
23 silly fetch manifest @types/react@^18.3.3
24 silly packumentCache full:https://registry.npmjs.org/@types%2freact cache-miss
25 http fetch GET 200 https://registry.npmjs.org/@types%2freact 151ms (cache miss)
26 silly packumentCache full:https://registry.npmjs.org/@types%2freact set size:undefined disposed:false
27 silly fetch manifest @types/react-dom@^18.3.0
28 silly packumentCache full:https://registry.npmjs.org/@types%2freact-dom cache-miss
29 http fetch GET 200 https://registry.npmjs.org/@types%2freact-dom 40ms (cache miss)
30 silly packumentCache full:https://registry.npmjs.org/@types%2freact-dom set size:undefined disposed:false
31 silly fetch manifest @vitejs/plugin-react@^4.3.1
32 silly packumentCache full:https://registry.npmjs.org/@vitejs%2fplugin-react cache-miss
33 http fetch GET 200 https://registry.npmjs.org/@vitejs%2fplugin-react 46ms (cache miss)
34 silly packumentCache full:https://registry.npmjs.org/@vitejs%2fplugin-react set size:undefined disposed:false
35 silly fetch manifest vite@^5.4.0
36 silly packumentCache full:https://registry.npmjs.org/vite cache-miss
37 http fetch GET 200 https://registry.npmjs.org/vite 1218ms (cache miss)
38 silly packumentCache full:https://registry.npmjs.org/vite set size:undefined disposed:false
39 silly fetch manifest @types/node@^18.0.0 || >=20.0.0
40 silly packumentCache full:https://registry.npmjs.org/@types%2fnode cache-miss
41 http fetch GET 200 https://registry.npmjs.org/@types%2fnode 309ms (cache miss)
42 silly packumentCache full:https://registry.npmjs.org/@types%2fnode set size:undefined disposed:false
43 silly fetch manifest less@*
44 silly packumentCache full:https://registry.npmjs.org/less cache-miss
45 http fetch GET 200 https://registry.npmjs.org/less 38ms (cache miss)
46 silly packumentCache full:https://registry.npmjs.org/less set size:undefined disposed:false
47 silly fetch manifest lightningcss@^1.21.0
48 silly packumentCache full:https://registry.npmjs.org/lightningcss cache-miss
49 http fetch GET 200 https://registry.npmjs.org/lightningcss 37ms (cache miss)
50 silly packumentCache full:https://registry.npmjs.org/lightningcss set size:undefined disposed:false
51 silly fetch manifest sass@*
52 silly packumentCache full:https://registry.npmjs.org/sass cache-miss
53 http fetch GET 200 https://registry.npmjs.org/sass 39ms (cache miss)
54 silly packumentCache full:https://registry.npmjs.org/sass set size:undefined disposed:false
55 silly fetch manifest sass-embedded@*
56 silly packumentCache full:https://registry.npmjs.org/sass-embedded cache-miss
57 http fetch GET 200 https://registry.npmjs.org/sass-embedded 124ms (cache miss)
58 silly packumentCache full:https://registry.npmjs.org/sass-embedded set size:undefined disposed:false
59 silly fetch manifest stylus@*
60 silly packumentCache full:https://registry.npmjs.org/stylus cache-miss
61 http fetch GET 200 https://registry.npmjs.org/stylus 32ms (cache miss)
62 silly packumentCache full:https://registry.npmjs.org/stylus set size:undefined disposed:false
63 silly fetch manifest sugarss@*
64 silly packumentCache full:https://registry.npmjs.org/sugarss cache-miss
65 http fetch GET 200 https://registry.npmjs.org/sugarss 32ms (cache miss)
66 silly packumentCache full:https://registry.npmjs.org/sugarss set size:undefined disposed:false
67 silly fetch manifest postcss@^8.3.3
68 silly packumentCache full:https://registry.npmjs.org/postcss cache-miss
69 http fetch GET 200 https://registry.npmjs.org/postcss 43ms (cache miss)
70 silly packumentCache full:https://registry.npmjs.org/postcss set size:undefined disposed:false
71 silly fetch manifest terser@^5.4.0
72 silly packumentCache full:https://registry.npmjs.org/terser cache-miss
73 http fetch GET 200 https://registry.npmjs.org/terser 54ms (cache miss)
74 silly packumentCache full:https://registry.npmjs.org/terser set size:undefined disposed:false
75 silly fetch manifest typescript@^5.5.3
76 silly packumentCache full:https://registry.npmjs.org/typescript cache-miss
77 http fetch GET 200 https://registry.npmjs.org/typescript 251ms (cache miss)
78 silly packumentCache full:https://registry.npmjs.org/typescript set size:undefined disposed:false
79 silly placeDep ROOT @types/react@18.3.31 OK for: cpp-fundamentals-lecture@1.0.0 want: ^18.3.3
80 silly placeDep ROOT @types/react-dom@18.3.7 OK for: cpp-fundamentals-lecture@1.0.0 want: ^18.3.0
81 silly placeDep ROOT @vitejs/plugin-react@4.7.0 OK for: cpp-fundamentals-lecture@1.0.0 want: ^4.3.1
82 silly placeDep ROOT vite@5.4.21 OK for: @vitejs/plugin-react@4.7.0 want: ^4.2.0 || ^5.0.0 || ^6.0.0 || ^7.0.0
83 silly placeDep ROOT react@18.3.1 OK for: cpp-fundamentals-lecture@1.0.0 want: ^18.3.1
84 silly placeDep ROOT react-dom@18.3.1 OK for: cpp-fundamentals-lecture@1.0.0 want: ^18.3.1
85 silly placeDep ROOT typescript@5.9.3 OK for: cpp-fundamentals-lecture@1.0.0 want: ^5.5.3
86 silly fetch manifest csstype@^3.2.2
87 silly packumentCache full:https://registry.npmjs.org/csstype cache-miss
88 silly fetch manifest @types/prop-types@*
89 silly packumentCache full:https://registry.npmjs.org/@types%2fprop-types cache-miss
90 silly fetch manifest @babel/core@^7.28.0
91 silly packumentCache full:https://registry.npmjs.org/@babel%2fcore cache-miss
92 silly fetch manifest react-refresh@^0.17.0
93 silly packumentCache full:https://registry.npmjs.org/react-refresh cache-miss
94 silly fetch manifest @types/babel__core@^7.20.5
95 silly packumentCache full:https://registry.npmjs.org/@types%2fbabel__core cache-miss
96 silly fetch manifest @rolldown/pluginutils@1.0.0-beta.27
97 silly packumentCache full:https://registry.npmjs.org/@rolldown%2fpluginutils cache-miss
98 silly fetch manifest @babel/plugin-transform-react-jsx-self@^7.27.1
99 silly packumentCache full:https://registry.npmjs.org/@babel%2fplugin-transform-react-jsx-self cache-miss
100 silly fetch manifest @babel/plugin-transform-react-jsx-source@^7.27.1
101 silly packumentCache full:https://registry.npmjs.org/@babel%2fplugin-transform-react-jsx-source cache-miss
102 silly fetch manifest rollup@^4.20.0
103 silly packumentCache full:https://registry.npmjs.org/rollup cache-miss
104 http fetch GET 200 https://registry.npmjs.org/csstype 44ms (cache miss)
105 silly packumentCache full:https://registry.npmjs.org/csstype set size:undefined disposed:false
106 silly fetch manifest esbuild@^0.21.3
107 silly packumentCache full:https://registry.npmjs.org/esbuild cache-miss
108 http fetch GET 200 https://registry.npmjs.org/@types%2fprop-types 50ms (cache miss)
109 silly packumentCache full:https://registry.npmjs.org/@types%2fprop-types set size:undefined disposed:false
110 silly fetch manifest postcss@^8.4.43
111 silly packumentCache full:https://registry.npmjs.org/postcss cache-miss
112 http cache https://registry.npmjs.org/postcss 2ms (cache hit)
113 silly packumentCache full:https://registry.npmjs.org/postcss set size:766699 disposed:false
114 silly fetch manifest fsevents@~2.3.3
115 silly packumentCache full:https://registry.npmjs.org/fsevents cache-miss
116 http fetch GET 200 https://registry.npmjs.org/fsevents 29ms (cache miss)
117 silly packumentCache full:https://registry.npmjs.org/fsevents set size:undefined disposed:false
118 silly fetch manifest loose-envify@^1.1.0
119 silly packumentCache full:https://registry.npmjs.org/loose-envify cache-miss
120 http fetch GET 200 https://registry.npmjs.org/@types%2fbabel__core 87ms (cache miss)
121 silly packumentCache full:https://registry.npmjs.org/@types%2fbabel__core set size:undefined disposed:false
122 silly fetch manifest scheduler@^0.23.2
123 silly packumentCache full:https://registry.npmjs.org/scheduler cache-miss
124 http fetch GET 200 https://registry.npmjs.org/@babel%2fplugin-transform-react-jsx-source 88ms (cache miss)
125 silly packumentCache full:https://registry.npmjs.org/@babel%2fplugin-transform-react-jsx-source set size:undefined disposed:false
126 silly fetch manifest loose-envify@^1.1.0
127 silly packumentCache full:https://registry.npmjs.org/loose-envify cache-miss
128 http fetch GET 200 https://registry.npmjs.org/@rolldown%2fpluginutils 93ms (cache miss)
129 silly packumentCache full:https://registry.npmjs.org/@rolldown%2fpluginutils set size:undefined disposed:false
130 http fetch GET 200 https://registry.npmjs.org/@babel%2fplugin-transform-react-jsx-self 94ms (cache miss)
131 silly packumentCache full:https://registry.npmjs.org/@babel%2fplugin-transform-react-jsx-self set size:undefined disposed:false
132 http fetch GET 200 https://registry.npmjs.org/@babel%2fcore 95ms (cache miss)
133 silly packumentCache full:https://registry.npmjs.org/@babel%2fcore set size:undefined disposed:false
134 http fetch GET 200 https://registry.npmjs.org/loose-envify 23ms (cache miss)
135 silly packumentCache full:https://registry.npmjs.org/loose-envify set size:undefined disposed:false
136 http fetch GET 200 https://registry.npmjs.org/loose-envify 22ms (cache miss)
137 silly packumentCache full:https://registry.npmjs.org/loose-envify set size:undefined disposed:false
138 http fetch GET 200 https://registry.npmjs.org/esbuild 87ms (cache miss)
139 silly packumentCache full:https://registry.npmjs.org/esbuild set size:undefined disposed:false
140 http fetch GET 200 https://registry.npmjs.org/rollup 166ms (cache miss)
141 silly packumentCache full:https://registry.npmjs.org/rollup set size:undefined disposed:false
142 http fetch GET 200 https://registry.npmjs.org/react-refresh 197ms (cache miss)
143 silly packumentCache full:https://registry.npmjs.org/react-refresh set size:undefined disposed:false
144 http fetch GET 200 https://registry.npmjs.org/scheduler 157ms (cache miss)
145 silly packumentCache full:https://registry.npmjs.org/scheduler set size:undefined disposed:false
146 silly placeDep ROOT @types/prop-types@15.7.15 OK for: @types/react@18.3.31 want: *
147 silly placeDep ROOT csstype@3.2.3 OK for: @types/react@18.3.31 want: ^3.2.2
148 silly placeDep ROOT @babel/core@7.29.7 OK for: @vitejs/plugin-react@4.7.0 want: ^7.28.0
149 silly placeDep ROOT @babel/plugin-transform-react-jsx-self@7.29.7 OK for: @vitejs/plugin-react@4.7.0 want: ^7.27.1
150 silly placeDep ROOT @babel/plugin-transform-react-jsx-source@7.29.7 OK for: @vitejs/plugin-react@4.7.0 want: ^7.27.1
151 silly placeDep ROOT @rolldown/pluginutils@1.0.0-beta.27 OK for: @vitejs/plugin-react@4.7.0 want: 1.0.0-beta.27
152 silly placeDep ROOT @types/babel__core@7.20.5 OK for: @vitejs/plugin-react@4.7.0 want: ^7.20.5
153 silly placeDep ROOT react-refresh@0.17.0 OK for: @vitejs/plugin-react@4.7.0 want: ^0.17.0
154 silly fetch manifest debug@^4.1.0
155 silly packumentCache full:https://registry.npmjs.org/debug cache-miss
156 silly fetch manifest json5@^2.2.3
157 silly packumentCache full:https://registry.npmjs.org/json5 cache-miss
158 silly fetch manifest semver@^6.3.1
159 silly packumentCache full:https://registry.npmjs.org/semver cache-miss
160 silly fetch manifest gensync@^1.0.0-beta.2
161 silly packumentCache full:https://registry.npmjs.org/gensync cache-miss
162 silly fetch manifest @babel/types@^7.29.7
163 silly packumentCache full:https://registry.npmjs.org/@babel%2ftypes cache-miss
164 silly fetch manifest @babel/parser@^7.29.7
165 silly packumentCache full:https://registry.npmjs.org/@babel%2fparser cache-miss
166 silly fetch manifest @babel/helpers@^7.29.7
167 silly packumentCache full:https://registry.npmjs.org/@babel%2fhelpers cache-miss
168 silly fetch manifest @babel/template@^7.29.7
169 silly packumentCache full:https://registry.npmjs.org/@babel%2ftemplate cache-miss
170 silly fetch manifest @babel/traverse@^7.29.7
171 silly packumentCache full:https://registry.npmjs.org/@babel%2ftraverse cache-miss
172 http fetch GET 200 https://registry.npmjs.org/json5 28ms (cache miss)
173 silly packumentCache full:https://registry.npmjs.org/json5 set size:undefined disposed:false
174 silly fetch manifest @babel/generator@^7.29.7
175 silly packumentCache full:https://registry.npmjs.org/@babel%2fgenerator cache-miss
176 http fetch GET 200 https://registry.npmjs.org/gensync 29ms (cache miss)
177 silly packumentCache full:https://registry.npmjs.org/gensync set size:undefined disposed:false
178 silly fetch manifest @babel/code-frame@^7.29.7
179 silly packumentCache full:https://registry.npmjs.org/@babel%2fcode-frame cache-miss
180 http fetch GET 200 https://registry.npmjs.org/debug 30ms (cache miss)
181 silly packumentCache full:https://registry.npmjs.org/debug set size:undefined disposed:false
182 silly fetch manifest convert-source-map@^2.0.0
183 silly packumentCache full:https://registry.npmjs.org/convert-source-map cache-miss
184 http fetch GET 200 https://registry.npmjs.org/@babel%2ftemplate 31ms (cache miss)
185 silly packumentCache full:https://registry.npmjs.org/@babel%2ftemplate set size:undefined disposed:false
186 silly fetch manifest @jridgewell/remapping@^2.3.5
187 silly packumentCache full:https://registry.npmjs.org/@jridgewell%2fremapping cache-miss
188 http fetch GET 200 https://registry.npmjs.org/@babel%2fhelpers 36ms (cache miss)
189 silly packumentCache full:https://registry.npmjs.org/@babel%2fhelpers set size:undefined disposed:false
190 silly fetch manifest @babel/helper-module-transforms@^7.29.7
191 silly packumentCache full:https://registry.npmjs.org/@babel%2fhelper-module-transforms cache-miss
192 http fetch GET 200 https://registry.npmjs.org/semver 40ms (cache miss)
193 silly packumentCache full:https://registry.npmjs.org/semver set size:undefined disposed:false
194 silly fetch manifest @babel/helper-compilation-targets@^7.29.7
195 silly packumentCache full:https://registry.npmjs.org/@babel%2fhelper-compilation-targets cache-miss
196 http fetch GET 200 https://registry.npmjs.org/@babel%2ftraverse 44ms (cache miss)
197 silly packumentCache full:https://registry.npmjs.org/@babel%2ftraverse set size:undefined disposed:false
198 silly fetch manifest @babel/helper-plugin-utils@^7.29.7
199 silly packumentCache full:https://registry.npmjs.org/@babel%2fhelper-plugin-utils cache-miss
200 http fetch GET 200 https://registry.npmjs.org/@babel%2ftypes 49ms (cache miss)
201 silly packumentCache full:https://registry.npmjs.org/@babel%2ftypes set size:undefined disposed:false
202 silly fetch manifest @babel/helper-plugin-utils@^7.29.7
203 silly packumentCache full:https://registry.npmjs.org/@babel%2fhelper-plugin-utils cache-miss
204 http fetch GET 200 https://registry.npmjs.org/@babel%2fparser 54ms (cache miss)
205 silly packumentCache full:https://registry.npmjs.org/@babel%2fparser set size:undefined disposed:false
206 silly fetch manifest @babel/types@^7.20.7
207 silly packumentCache full:https://registry.npmjs.org/@babel%2ftypes cache-miss
208 http cache https://registry.npmjs.org/@babel%2ftypes 3ms (cache hit)
209 silly packumentCache full:https://registry.npmjs.org/@babel%2ftypes set size:505250 disposed:false
210 silly fetch manifest @babel/parser@^7.20.7
211 silly packumentCache full:https://registry.npmjs.org/@babel%2fparser cache-miss
212 http fetch GET 200 https://registry.npmjs.org/convert-source-map 30ms (cache miss)
213 silly packumentCache full:https://registry.npmjs.org/convert-source-map set size:undefined disposed:false
214 silly fetch manifest @types/babel__template@*
215 silly packumentCache full:https://registry.npmjs.org/@types%2fbabel__template cache-miss
216 http cache https://registry.npmjs.org/@babel%2fparser 6ms (cache hit)
217 silly packumentCache full:https://registry.npmjs.org/@babel%2fparser set size:740578 disposed:false
218 silly fetch manifest @types/babel__traverse@*
219 silly packumentCache full:https://registry.npmjs.org/@types%2fbabel__traverse cache-miss
220 http fetch GET 200 https://registry.npmjs.org/@babel%2fcode-frame 40ms (cache miss)
221 silly packumentCache full:https://registry.npmjs.org/@babel%2fcode-frame set size:undefined disposed:false
222 silly fetch manifest @types/babel__generator@*
223 silly packumentCache full:https://registry.npmjs.org/@types%2fbabel__generator cache-miss
224 http fetch GET 200 https://registry.npmjs.org/@jridgewell%2fremapping 37ms (cache miss)
225 silly packumentCache full:https://registry.npmjs.org/@jridgewell%2fremapping set size:undefined disposed:false
226 http fetch GET 200 https://registry.npmjs.org/@babel%2fgenerator 43ms (cache miss)
227 silly packumentCache full:https://registry.npmjs.org/@babel%2fgenerator set size:undefined disposed:false
228 http fetch GET 200 https://registry.npmjs.org/@babel%2fhelper-module-transforms 36ms (cache miss)
229 silly packumentCache full:https://registry.npmjs.org/@babel%2fhelper-module-transforms set size:undefined disposed:false
230 http fetch GET 200 https://registry.npmjs.org/@babel%2fhelper-plugin-utils 30ms (cache miss)
231 silly packumentCache full:https://registry.npmjs.org/@babel%2fhelper-plugin-utils set size:undefined disposed:false
232 http fetch GET 200 https://registry.npmjs.org/@babel%2fhelper-compilation-targets 41ms (cache miss)
233 silly packumentCache full:https://registry.npmjs.org/@babel%2fhelper-compilation-targets set size:undefined disposed:false
234 http fetch GET 200 https://registry.npmjs.org/@babel%2fhelper-plugin-utils 40ms (cache miss)
235 silly packumentCache full:https://registry.npmjs.org/@babel%2fhelper-plugin-utils set size:undefined disposed:false
236 http fetch GET 200 https://registry.npmjs.org/@types%2fbabel__template 34ms (cache miss)
237 silly packumentCache full:https://registry.npmjs.org/@types%2fbabel__template set size:undefined disposed:false
238 http fetch GET 200 https://registry.npmjs.org/@types%2fbabel__generator 25ms (cache miss)
239 silly packumentCache full:https://registry.npmjs.org/@types%2fbabel__generator set size:undefined disposed:false
240 http fetch GET 200 https://registry.npmjs.org/@types%2fbabel__traverse 28ms (cache miss)
241 silly packumentCache full:https://registry.npmjs.org/@types%2fbabel__traverse set size:undefined disposed:false
242 silly fetch manifest @babel/core@^7.0.0
243 silly packumentCache full:https://registry.npmjs.org/@babel%2fcore cache-miss
244 http cache https://registry.npmjs.org/@babel%2fcore 1ms (cache hit)
245 silly packumentCache full:https://registry.npmjs.org/@babel%2fcore set size:792733 disposed:false
246 silly placeDep ROOT @babel/code-frame@7.29.7 OK for: @babel/core@7.29.7 want: ^7.29.7
247 silly placeDep ROOT @babel/generator@7.29.8 OK for: @babel/core@7.29.7 want: ^7.29.7
248 silly placeDep ROOT @babel/helper-compilation-targets@7.29.7 OK for: @babel/core@7.29.7 want: ^7.29.7
249 silly placeDep ROOT @babel/helper-module-transforms@7.29.7 OK for: @babel/core@7.29.7 want: ^7.29.7
250 silly placeDep ROOT @babel/helpers@7.29.7 OK for: @babel/core@7.29.7 want: ^7.29.7
251 silly placeDep ROOT @babel/parser@7.29.8 OK for: @babel/core@7.29.7 want: ^7.29.7
252 silly placeDep ROOT @babel/template@7.29.7 OK for: @babel/core@7.29.7 want: ^7.29.7
253 silly placeDep ROOT @babel/traverse@7.29.8 OK for: @babel/core@7.29.7 want: ^7.29.7
254 silly placeDep ROOT @babel/types@7.29.8 OK for: @babel/core@7.29.7 want: ^7.29.7
255 silly placeDep ROOT @jridgewell/remapping@2.3.5 OK for: @babel/core@7.29.7 want: ^2.3.5
256 silly placeDep ROOT convert-source-map@2.0.0 OK for: @babel/core@7.29.7 want: ^2.0.0
257 silly placeDep ROOT debug@4.4.3 OK for: @babel/core@7.29.7 want: ^4.1.0
258 silly placeDep ROOT gensync@1.0.0-beta.2 OK for: @babel/core@7.29.7 want: ^1.0.0-beta.2
259 silly placeDep ROOT json5@2.2.3 OK for: @babel/core@7.29.7 want: ^2.2.3
260 silly placeDep ROOT semver@6.3.1 OK for: @babel/core@7.29.7 want: ^6.3.1
261 silly fetch manifest js-tokens@^4.0.0
262 silly packumentCache full:https://registry.npmjs.org/js-tokens cache-miss
263 silly fetch manifest picocolors@^1.1.1
264 silly packumentCache full:https://registry.npmjs.org/picocolors cache-miss
265 silly fetch manifest @babel/helper-validator-identifier@^7.29.7
266 silly packumentCache full:https://registry.npmjs.org/@babel%2fhelper-validator-identifier cache-miss
267 silly fetch manifest jsesc@^3.0.2
268 silly packumentCache full:https://registry.npmjs.org/jsesc cache-miss
269 silly fetch manifest @babel/types@^7.29.8
270 silly packumentCache full:https://registry.npmjs.org/@babel%2ftypes cache-hit
271 silly fetch manifest @babel/parser@^7.29.8
272 silly packumentCache full:https://registry.npmjs.org/@babel%2fparser cache-hit
273 silly fetch manifest @jridgewell/gen-mapping@^0.3.12
274 silly packumentCache full:https://registry.npmjs.org/@jridgewell%2fgen-mapping cache-miss
275 silly fetch manifest @jridgewell/trace-mapping@^0.3.28
276 silly packumentCache full:https://registry.npmjs.org/@jridgewell%2ftrace-mapping cache-miss
277 silly fetch manifest lru-cache@^5.1.1
278 silly packumentCache full:https://registry.npmjs.org/lru-cache cache-miss
279 silly fetch manifest browserslist@^4.24.0
280 silly packumentCache full:https://registry.npmjs.org/browserslist cache-miss
281 silly fetch manifest @babel/compat-data@^7.29.7
282 silly packumentCache full:https://registry.npmjs.org/@babel%2fcompat-data cache-miss
283 http fetch GET 200 https://registry.npmjs.org/picocolors 23ms (cache miss)
284 silly packumentCache full:https://registry.npmjs.org/picocolors set size:undefined disposed:false
285 silly fetch manifest @babel/helper-validator-option@^7.29.7
286 silly packumentCache full:https://registry.npmjs.org/@babel%2fhelper-validator-option cache-miss
287 http fetch GET 200 https://registry.npmjs.org/js-tokens 24ms (cache miss)
288 silly packumentCache full:https://registry.npmjs.org/js-tokens set size:undefined disposed:false
289 silly fetch manifest @babel/helper-module-imports@^7.29.7
290 silly packumentCache full:https://registry.npmjs.org/@babel%2fhelper-module-imports cache-miss
291 http fetch GET 200 https://registry.npmjs.org/jsesc 27ms (cache miss)
292 silly packumentCache full:https://registry.npmjs.org/jsesc set size:undefined disposed:false
293 silly fetch manifest @babel/helper-validator-identifier@^7.29.7
294 silly packumentCache full:https://registry.npmjs.org/@babel%2fhelper-validator-identifier cache-miss
295 http fetch GET 200 https://registry.npmjs.org/@babel%2fhelper-validator-identifier 33ms (cache miss)
296 silly packumentCache full:https://registry.npmjs.org/@babel%2fhelper-validator-identifier set size:undefined disposed:false
297 silly fetch manifest debug@^4.3.1
298 silly packumentCache full:https://registry.npmjs.org/debug cache-miss
299 http cache https://registry.npmjs.org/debug 1ms (cache hit)
300 silly packumentCache full:https://registry.npmjs.org/debug set size:195840 disposed:false
301 silly fetch manifest @babel/helper-globals@^7.29.7
302 silly packumentCache full:https://registry.npmjs.org/@babel%2fhelper-globals cache-miss
303 http fetch GET 200 https://registry.npmjs.org/lru-cache 35ms (cache miss)
304 silly packumentCache full:https://registry.npmjs.org/lru-cache set size:undefined disposed:false
305 silly fetch manifest @babel/helper-string-parser@^7.29.7
306 silly packumentCache full:https://registry.npmjs.org/@babel%2fhelper-string-parser cache-miss
307 http fetch GET 200 https://registry.npmjs.org/@babel%2fcompat-data 38ms (cache miss)
308 silly packumentCache full:https://registry.npmjs.org/@babel%2fcompat-data set size:undefined disposed:false
309 silly fetch manifest @jridgewell/gen-mapping@^0.3.5
310 silly packumentCache full:https://registry.npmjs.org/@jridgewell%2fgen-mapping cache-miss
311 http fetch GET 200 https://registry.npmjs.org/@jridgewell%2fgen-mapping 46ms (cache miss)
312 silly packumentCache full:https://registry.npmjs.org/@jridgewell%2fgen-mapping set size:undefined disposed:false
313 silly fetch manifest @jridgewell/trace-mapping@^0.3.24
314 silly packumentCache full:https://registry.npmjs.org/@jridgewell%2ftrace-mapping cache-miss
315 http fetch GET 200 https://registry.npmjs.org/browserslist 46ms (cache miss)
316 silly packumentCache full:https://registry.npmjs.org/browserslist set size:undefined disposed:false
317 silly fetch manifest ms@^2.1.3
318 silly packumentCache full:https://registry.npmjs.org/ms cache-miss
319 http fetch GET 200 https://registry.npmjs.org/@jridgewell%2ftrace-mapping 53ms (cache miss)
320 silly packumentCache full:https://registry.npmjs.org/@jridgewell%2ftrace-mapping set size:undefined disposed:false
321 http fetch GET 200 https://registry.npmjs.org/@babel%2fhelper-validator-identifier 28ms (cache miss)
322 silly packumentCache full:https://registry.npmjs.org/@babel%2fhelper-validator-identifier set size:undefined disposed:false
323 http fetch GET 200 https://registry.npmjs.org/@babel%2fhelper-validator-option 32ms (cache miss)
324 silly packumentCache full:https://registry.npmjs.org/@babel%2fhelper-validator-option set size:undefined disposed:false
325 http fetch GET 200 https://registry.npmjs.org/@babel%2fhelper-module-imports 33ms (cache miss)
326 silly packumentCache full:https://registry.npmjs.org/@babel%2fhelper-module-imports set size:undefined disposed:false
327 http fetch GET 200 https://registry.npmjs.org/@babel%2fhelper-globals 28ms (cache miss)
328 silly packumentCache full:https://registry.npmjs.org/@babel%2fhelper-globals set size:undefined disposed:false
329 http fetch GET 200 https://registry.npmjs.org/@babel%2fhelper-string-parser 31ms (cache miss)
330 silly packumentCache full:https://registry.npmjs.org/@babel%2fhelper-string-parser set size:undefined disposed:false
331 http fetch GET 200 https://registry.npmjs.org/@jridgewell%2fgen-mapping 32ms (cache miss)
332 silly packumentCache full:https://registry.npmjs.org/@jridgewell%2fgen-mapping set size:undefined disposed:false
333 http fetch GET 200 https://registry.npmjs.org/ms 23ms (cache miss)
334 silly packumentCache full:https://registry.npmjs.org/ms set size:undefined disposed:false
335 http fetch GET 200 https://registry.npmjs.org/@jridgewell%2ftrace-mapping 131ms (cache miss)
336 silly packumentCache full:https://registry.npmjs.org/@jridgewell%2ftrace-mapping set size:undefined disposed:false
337 silly placeDep ROOT @babel/helper-validator-identifier@7.29.7 OK for: @babel/code-frame@7.29.7 want: ^7.29.7
338 silly placeDep ROOT js-tokens@4.0.0 OK for: @babel/code-frame@7.29.7 want: ^4.0.0
339 silly placeDep ROOT picocolors@1.1.1 OK for: @babel/code-frame@7.29.7 want: ^1.1.1
340 silly placeDep ROOT @jridgewell/gen-mapping@0.3.13 OK for: @babel/generator@7.29.8 want: ^0.3.12
341 silly placeDep ROOT @jridgewell/trace-mapping@0.3.31 OK for: @babel/generator@7.29.8 want: ^0.3.28
342 silly placeDep ROOT jsesc@3.1.0 OK for: @babel/generator@7.29.8 want: ^3.0.2
343 silly fetch manifest @jridgewell/sourcemap-codec@^1.5.0
344 silly packumentCache full:https://registry.npmjs.org/@jridgewell%2fsourcemap-codec cache-miss
345 silly fetch manifest @jridgewell/resolve-uri@^3.1.0
346 silly packumentCache full:https://registry.npmjs.org/@jridgewell%2fresolve-uri cache-miss
347 silly fetch manifest @jridgewell/sourcemap-codec@^1.4.14
348 silly packumentCache full:https://registry.npmjs.org/@jridgewell%2fsourcemap-codec cache-miss
349 http fetch GET 200 https://registry.npmjs.org/@jridgewell%2fsourcemap-codec 33ms (cache miss)
350 silly packumentCache full:https://registry.npmjs.org/@jridgewell%2fsourcemap-codec set size:undefined disposed:false
351 http fetch GET 200 https://registry.npmjs.org/@jridgewell%2fsourcemap-codec 38ms (cache miss)
352 silly packumentCache full:https://registry.npmjs.org/@jridgewell%2fsourcemap-codec set size:undefined disposed:false
353 http fetch GET 200 https://registry.npmjs.org/@jridgewell%2fresolve-uri 38ms (cache miss)
354 silly packumentCache full:https://registry.npmjs.org/@jridgewell%2fresolve-uri set size:undefined disposed:false
355 silly placeDep ROOT @babel/compat-data@7.29.7 OK for: @babel/helper-compilation-targets@7.29.7 want: ^7.29.7
356 silly placeDep ROOT @babel/helper-validator-option@7.29.7 OK for: @babel/helper-compilation-targets@7.29.7 want: ^7.29.7
357 silly placeDep ROOT browserslist@4.28.9 OK for: @babel/helper-compilation-targets@7.29.7 want: ^4.24.0
358 silly placeDep ROOT lru-cache@5.1.1 OK for: @babel/helper-compilation-targets@7.29.7 want: ^5.1.1
359 silly fetch manifest caniuse-lite@^1.0.30001810
360 silly packumentCache full:https://registry.npmjs.org/caniuse-lite cache-miss
361 silly fetch manifest node-releases@^2.0.54
362 silly packumentCache full:https://registry.npmjs.org/node-releases cache-miss
363 silly fetch manifest electron-to-chromium@^1.5.420
364 silly packumentCache full:https://registry.npmjs.org/electron-to-chromium cache-miss
365 silly fetch manifest update-browserslist-db@^1.3.2
366 silly packumentCache full:https://registry.npmjs.org/update-browserslist-db cache-miss
367 silly fetch manifest baseline-browser-mapping@^2.11.20
368 silly packumentCache full:https://registry.npmjs.org/baseline-browser-mapping cache-miss
369 silly fetch manifest yallist@^3.0.2
370 silly packumentCache full:https://registry.npmjs.org/yallist cache-miss
371 http fetch GET 200 https://registry.npmjs.org/yallist 30ms (cache miss)
372 silly packumentCache full:https://registry.npmjs.org/yallist set size:undefined disposed:false
373 http fetch GET 200 https://registry.npmjs.org/update-browserslist-db 32ms (cache miss)
374 silly packumentCache full:https://registry.npmjs.org/update-browserslist-db set size:undefined disposed:false
375 http fetch GET 200 https://registry.npmjs.org/node-releases 37ms (cache miss)
376 silly packumentCache full:https://registry.npmjs.org/node-releases set size:undefined disposed:false
377 http fetch GET 200 https://registry.npmjs.org/baseline-browser-mapping 44ms (cache miss)
378 silly packumentCache full:https://registry.npmjs.org/baseline-browser-mapping set size:undefined disposed:false
379 http fetch GET 200 https://registry.npmjs.org/caniuse-lite 72ms (cache miss)
380 silly packumentCache full:https://registry.npmjs.org/caniuse-lite set size:undefined disposed:false
381 http fetch GET 200 https://registry.npmjs.org/electron-to-chromium 150ms (cache miss)
382 silly packumentCache full:https://registry.npmjs.org/electron-to-chromium set size:undefined disposed:false
383 silly placeDep ROOT @babel/helper-module-imports@7.29.7 OK for: @babel/helper-module-transforms@7.29.7 want: ^7.29.7
384 silly placeDep ROOT @babel/helper-plugin-utils@7.29.7 OK for: @babel/plugin-transform-react-jsx-self@7.29.7 want: ^7.29.7
385 silly placeDep ROOT @babel/helper-globals@7.29.7 OK for: @babel/traverse@7.29.8 want: ^7.29.7
386 silly placeDep ROOT @babel/helper-string-parser@7.29.7 OK for: @babel/types@7.29.8 want: ^7.29.7
387 silly placeDep ROOT @jridgewell/sourcemap-codec@1.6.0 OK for: @jridgewell/gen-mapping@0.3.13 want: ^1.5.0
388 silly placeDep ROOT @jridgewell/resolve-uri@3.1.2 OK for: @jridgewell/trace-mapping@0.3.31 want: ^3.1.0
389 silly placeDep ROOT @types/babel__generator@7.27.0 OK for: @types/babel__core@7.20.5 want: *
390 silly placeDep ROOT @types/babel__template@7.4.4 OK for: @types/babel__core@7.20.5 want: *
391 silly placeDep ROOT @types/babel__traverse@7.28.0 OK for: @types/babel__core@7.20.5 want: *
392 silly fetch manifest browserslist@>= 4.21.0
393 silly packumentCache full:https://registry.npmjs.org/browserslist cache-miss
394 http cache https://registry.npmjs.org/browserslist 5ms (cache hit)
395 silly packumentCache full:https://registry.npmjs.org/browserslist set size:521015 disposed:false
396 silly placeDep ROOT baseline-browser-mapping@2.11.23 OK for: browserslist@4.28.9 want: ^2.11.20
397 silly placeDep ROOT caniuse-lite@1.0.30001810 OK for: browserslist@4.28.9 want: ^1.0.30001810
398 silly placeDep ROOT electron-to-chromium@1.5.427 OK for: browserslist@4.28.9 want: ^1.5.420
399 silly placeDep ROOT node-releases@2.0.55 OK for: browserslist@4.28.9 want: ^2.0.54
400 silly placeDep ROOT update-browserslist-db@1.3.3 OK for: browserslist@4.28.9 want: ^1.3.2
401 silly fetch manifest escalade@^3.2.0
402 silly packumentCache full:https://registry.npmjs.org/escalade cache-miss
403 http fetch GET 200 https://registry.npmjs.org/escalade 23ms (cache miss)
404 silly packumentCache full:https://registry.npmjs.org/escalade set size:undefined disposed:false
405 silly placeDep ROOT ms@2.1.3 OK for: debug@4.4.3 want: ^2.1.3
406 silly placeDep ROOT yallist@3.1.1 OK for: lru-cache@5.1.1 want: ^3.0.2
407 silly placeDep ROOT loose-envify@1.4.0 OK for: react@18.3.1 want: ^1.1.0
408 silly placeDep ROOT scheduler@0.23.2 OK for: react-dom@18.3.1 want: ^0.23.2
409 silly placeDep ROOT escalade@3.2.0 OK for: update-browserslist-db@1.3.3 want: ^3.2.0
410 silly placeDep ROOT esbuild@0.21.5 OK for: vite@5.4.21 want: ^0.21.3
411 silly placeDep ROOT fsevents@2.3.3 OK for: vite@5.4.21 want: ~2.3.3
412 silly placeDep ROOT postcss@8.5.28 OK for: vite@5.4.21 want: ^8.4.43
413 silly placeDep ROOT rollup@4.63.2 OK for: vite@5.4.21 want: ^4.20.0
414 silly fetch manifest @esbuild/aix-ppc64@0.21.5
415 silly packumentCache full:https://registry.npmjs.org/@esbuild%2faix-ppc64 cache-miss
416 silly fetch manifest @esbuild/linux-arm@0.21.5
417 silly packumentCache full:https://registry.npmjs.org/@esbuild%2flinux-arm cache-miss
418 silly fetch manifest @esbuild/linux-x64@0.21.5
419 silly packumentCache full:https://registry.npmjs.org/@esbuild%2flinux-x64 cache-miss
420 silly fetch manifest @esbuild/sunos-x64@0.21.5
421 silly packumentCache full:https://registry.npmjs.org/@esbuild%2fsunos-x64 cache-miss
422 silly fetch manifest @esbuild/win32-x64@0.21.5
423 silly packumentCache full:https://registry.npmjs.org/@esbuild%2fwin32-x64 cache-miss
424 silly fetch manifest @esbuild/darwin-x64@0.21.5
425 silly packumentCache full:https://registry.npmjs.org/@esbuild%2fdarwin-x64 cache-miss
426 silly fetch manifest @esbuild/linux-ia32@0.21.5
427 silly packumentCache full:https://registry.npmjs.org/@esbuild%2flinux-ia32 cache-miss
428 silly fetch manifest @esbuild/netbsd-x64@0.21.5
429 silly packumentCache full:https://registry.npmjs.org/@esbuild%2fnetbsd-x64 cache-miss
430 silly fetch manifest @esbuild/win32-ia32@0.21.5
431 silly packumentCache full:https://registry.npmjs.org/@esbuild%2fwin32-ia32 cache-miss
432 http fetch GET 200 https://registry.npmjs.org/@esbuild%2faix-ppc64 40ms (cache miss)
433 silly packumentCache full:https://registry.npmjs.org/@esbuild%2faix-ppc64 set size:undefined disposed:false
434 silly fetch manifest @esbuild/android-arm@0.21.5
435 silly packumentCache full:https://registry.npmjs.org/@esbuild%2fandroid-arm cache-miss
436 http fetch GET 200 https://registry.npmjs.org/@esbuild%2fnetbsd-x64 42ms (cache miss)
437 silly packumentCache full:https://registry.npmjs.org/@esbuild%2fnetbsd-x64 set size:undefined disposed:false
438 silly fetch manifest @esbuild/android-x64@0.21.5
439 silly packumentCache full:https://registry.npmjs.org/@esbuild%2fandroid-x64 cache-miss
440 http fetch GET 200 https://registry.npmjs.org/@esbuild%2flinux-ia32 44ms (cache miss)
441 silly packumentCache full:https://registry.npmjs.org/@esbuild%2flinux-ia32 set size:undefined disposed:false
442 silly fetch manifest @esbuild/freebsd-x64@0.21.5
443 silly packumentCache full:https://registry.npmjs.org/@esbuild%2ffreebsd-x64 cache-miss
444 http fetch GET 200 https://registry.npmjs.org/@esbuild%2fwin32-ia32 46ms (cache miss)
445 silly packumentCache full:https://registry.npmjs.org/@esbuild%2fwin32-ia32 set size:undefined disposed:false
446 silly fetch manifest @esbuild/linux-arm64@0.21.5
447 silly packumentCache full:https://registry.npmjs.org/@esbuild%2flinux-arm64 cache-miss
448 http fetch GET 200 https://registry.npmjs.org/@esbuild%2flinux-arm 48ms (cache miss)
449 silly packumentCache full:https://registry.npmjs.org/@esbuild%2flinux-arm set size:undefined disposed:false
450 silly fetch manifest @esbuild/linux-ppc64@0.21.5
451 silly packumentCache full:https://registry.npmjs.org/@esbuild%2flinux-ppc64 cache-miss
452 http fetch GET 200 https://registry.npmjs.org/@esbuild%2fsunos-x64 49ms (cache miss)
453 silly packumentCache full:https://registry.npmjs.org/@esbuild%2fsunos-x64 set size:undefined disposed:false
454 silly fetch manifest @esbuild/linux-s390x@0.21.5
455 silly packumentCache full:https://registry.npmjs.org/@esbuild%2flinux-s390x cache-miss
456 http fetch GET 200 https://registry.npmjs.org/@esbuild%2fdarwin-x64 52ms (cache miss)
457 silly packumentCache full:https://registry.npmjs.org/@esbuild%2fdarwin-x64 set size:undefined disposed:false
458 silly fetch manifest @esbuild/openbsd-x64@0.21.5
459 silly packumentCache full:https://registry.npmjs.org/@esbuild%2fopenbsd-x64 cache-miss
460 http fetch GET 200 https://registry.npmjs.org/@esbuild%2fwin32-x64 53ms (cache miss)
461 silly packumentCache full:https://registry.npmjs.org/@esbuild%2fwin32-x64 set size:undefined disposed:false
462 silly fetch manifest @esbuild/win32-arm64@0.21.5
463 silly packumentCache full:https://registry.npmjs.org/@esbuild%2fwin32-arm64 cache-miss
464 http fetch GET 200 https://registry.npmjs.org/@esbuild%2flinux-x64 56ms (cache miss)
465 silly packumentCache full:https://registry.npmjs.org/@esbuild%2flinux-x64 set size:undefined disposed:false
466 silly fetch manifest @esbuild/darwin-arm64@0.21.5
467 silly packumentCache full:https://registry.npmjs.org/@esbuild%2fdarwin-arm64 cache-miss
468 http fetch GET 200 https://registry.npmjs.org/@esbuild%2fandroid-arm 39ms (cache miss)
469 silly packumentCache full:https://registry.npmjs.org/@esbuild%2fandroid-arm set size:undefined disposed:false
470 silly fetch manifest @esbuild/android-arm64@0.21.5
471 silly packumentCache full:https://registry.npmjs.org/@esbuild%2fandroid-arm64 cache-miss
472 http fetch GET 200 https://registry.npmjs.org/@esbuild%2ffreebsd-x64 38ms (cache miss)
473 silly packumentCache full:https://registry.npmjs.org/@esbuild%2ffreebsd-x64 set size:undefined disposed:false
474 silly fetch manifest @esbuild/freebsd-arm64@0.21.5
475 silly packumentCache full:https://registry.npmjs.org/@esbuild%2ffreebsd-arm64 cache-miss
476 http fetch GET 200 https://registry.npmjs.org/@esbuild%2flinux-ppc64 36ms (cache miss)
477 silly packumentCache full:https://registry.npmjs.org/@esbuild%2flinux-ppc64 set size:undefined disposed:false
478 silly fetch manifest @esbuild/linux-loong64@0.21.5
479 silly packumentCache full:https://registry.npmjs.org/@esbuild%2flinux-loong64 cache-miss
480 http fetch GET 200 https://registry.npmjs.org/@esbuild%2flinux-arm64 38ms (cache miss)
481 silly packumentCache full:https://registry.npmjs.org/@esbuild%2flinux-arm64 set size:undefined disposed:false
482 silly fetch manifest @esbuild/linux-riscv64@0.21.5
483 silly packumentCache full:https://registry.npmjs.org/@esbuild%2flinux-riscv64 cache-miss
484 http fetch GET 200 https://registry.npmjs.org/@esbuild%2fandroid-x64 44ms (cache miss)
485 silly packumentCache full:https://registry.npmjs.org/@esbuild%2fandroid-x64 set size:undefined disposed:false
486 silly fetch manifest @esbuild/linux-mips64el@0.21.5
487 silly packumentCache full:https://registry.npmjs.org/@esbuild%2flinux-mips64el cache-miss
488 http fetch GET 200 https://registry.npmjs.org/@esbuild%2fwin32-arm64 35ms (cache miss)
489 silly packumentCache full:https://registry.npmjs.org/@esbuild%2fwin32-arm64 set size:undefined disposed:false
490 silly fetch manifest nanoid@^3.3.18
491 silly packumentCache full:https://registry.npmjs.org/nanoid cache-miss
492 http fetch GET 200 https://registry.npmjs.org/@esbuild%2fdarwin-arm64 36ms (cache miss)
493 silly packumentCache full:https://registry.npmjs.org/@esbuild%2fdarwin-arm64 set size:undefined disposed:false
494 silly fetch manifest source-map-js@^1.2.1
495 silly packumentCache full:https://registry.npmjs.org/source-map-js cache-miss
496 http fetch GET 200 https://registry.npmjs.org/@esbuild%2flinux-s390x 44ms (cache miss)
497 silly packumentCache full:https://registry.npmjs.org/@esbuild%2flinux-s390x set size:undefined disposed:false
498 silly fetch manifest @types/estree@1.0.9
499 silly packumentCache full:https://registry.npmjs.org/@types%2festree cache-miss
500 http fetch GET 200 https://registry.npmjs.org/@esbuild%2fopenbsd-x64 48ms (cache miss)
501 silly packumentCache full:https://registry.npmjs.org/@esbuild%2fopenbsd-x64 set size:undefined disposed:false
502 silly fetch manifest @rollup/rollup-darwin-x64@4.63.2
503 silly packumentCache full:https://registry.npmjs.org/@rollup%2frollup-darwin-x64 cache-miss
504 http fetch GET 200 https://registry.npmjs.org/@esbuild%2fandroid-arm64 38ms (cache miss)
505 silly packumentCache full:https://registry.npmjs.org/@esbuild%2fandroid-arm64 set size:undefined disposed:false
506 silly fetch manifest @rollup/rollup-freebsd-x64@4.63.2
507 silly packumentCache full:https://registry.npmjs.org/@rollup%2frollup-freebsd-x64 cache-miss
508 http fetch GET 200 https://registry.npmjs.org/@esbuild%2ffreebsd-arm64 47ms (cache miss)
509 silly packumentCache full:https://registry.npmjs.org/@esbuild%2ffreebsd-arm64 set size:undefined disposed:false
510 silly fetch manifest @rollup/rollup-openbsd-x64@4.63.2
511 silly packumentCache full:https://registry.npmjs.org/@rollup%2frollup-openbsd-x64 cache-miss
512 http fetch GET 200 https://registry.npmjs.org/nanoid 41ms (cache miss)
513 silly packumentCache full:https://registry.npmjs.org/nanoid set size:undefined disposed:false
514 silly fetch manifest @napi-rs/lzma-linux-x64-gnu@1.5.1
515 silly packumentCache full:https://registry.npmjs.org/@napi-rs%2flzma-linux-x64-gnu cache-miss
516 http fetch GET 200 https://registry.npmjs.org/@esbuild%2flinux-riscv64 48ms (cache miss)
517 silly packumentCache full:https://registry.npmjs.org/@esbuild%2flinux-riscv64 set size:undefined disposed:false
518 silly fetch manifest @rollup/rollup-darwin-arm64@4.63.2
519 silly packumentCache full:https://registry.npmjs.org/@rollup%2frollup-darwin-arm64 cache-miss
520 http fetch GET 200 https://registry.npmjs.org/@esbuild%2flinux-loong64 50ms (cache miss)
521 silly packumentCache full:https://registry.npmjs.org/@esbuild%2flinux-loong64 set size:undefined disposed:false
522 silly fetch manifest @rollup/rollup-android-arm64@4.63.2
523 silly packumentCache full:https://registry.npmjs.org/@rollup%2frollup-android-arm64 cache-miss
524 http fetch GET 200 https://registry.npmjs.org/@types%2festree 41ms (cache miss)
525 silly packumentCache full:https://registry.npmjs.org/@types%2festree set size:undefined disposed:false
526 silly fetch manifest @rollup/rollup-freebsd-arm64@4.63.2
527 silly packumentCache full:https://registry.npmjs.org/@rollup%2frollup-freebsd-arm64 cache-miss
528 http fetch GET 200 https://registry.npmjs.org/@esbuild%2flinux-mips64el 49ms (cache miss)
529 silly packumentCache full:https://registry.npmjs.org/@esbuild%2flinux-mips64el set size:undefined disposed:false
530 silly fetch manifest @rollup/rollup-linux-x64-gnu@4.63.2
531 silly packumentCache full:https://registry.npmjs.org/@rollup%2frollup-linux-x64-gnu cache-miss
532 http fetch GET 200 https://registry.npmjs.org/@rollup%2frollup-darwin-x64 50ms (cache miss)
533 silly packumentCache full:https://registry.npmjs.org/@rollup%2frollup-darwin-x64 set size:undefined disposed:false
534 silly fetch manifest @rollup/rollup-win32-x64-gnu@4.63.2
535 silly packumentCache full:https://registry.npmjs.org/@rollup%2frollup-win32-x64-gnu cache-miss
536 http fetch GET 200 https://registry.npmjs.org/@rollup%2frollup-freebsd-x64 42ms (cache miss)
537 silly packumentCache full:https://registry.npmjs.org/@rollup%2frollup-freebsd-x64 set size:undefined disposed:false
538 silly fetch manifest @rollup/rollup-linux-x64-musl@4.63.2
539 silly packumentCache full:https://registry.npmjs.org/@rollup%2frollup-linux-x64-musl cache-miss
540 http fetch GET 200 https://registry.npmjs.org/@napi-rs%2flzma-linux-x64-gnu 33ms (cache miss)
541 silly packumentCache full:https://registry.npmjs.org/@napi-rs%2flzma-linux-x64-gnu set size:undefined disposed:false
542 silly fetch manifest @rollup/rollup-win32-x64-msvc@4.63.2
543 silly packumentCache full:https://registry.npmjs.org/@rollup%2frollup-win32-x64-msvc cache-miss
544 http fetch GET 200 https://registry.npmjs.org/@rollup%2frollup-openbsd-x64 37ms (cache miss)
545 silly packumentCache full:https://registry.npmjs.org/@rollup%2frollup-openbsd-x64 set size:undefined disposed:false
546 silly fetch manifest @rollup/rollup-linux-arm64-gnu@4.63.2
547 silly packumentCache full:https://registry.npmjs.org/@rollup%2frollup-linux-arm64-gnu cache-miss
548 http fetch GET 200 https://registry.npmjs.org/@rollup%2frollup-linux-x64-gnu 36ms (cache miss)
549 silly packumentCache full:https://registry.npmjs.org/@rollup%2frollup-linux-x64-gnu set size:undefined disposed:false
550 silly fetch manifest @rollup/rollup-linux-ppc64-gnu@4.63.2
551 silly packumentCache full:https://registry.npmjs.org/@rollup%2frollup-linux-ppc64-gnu cache-miss
552 http fetch GET 200 https://registry.npmjs.org/@rollup%2frollup-android-arm64 42ms (cache miss)
553 silly packumentCache full:https://registry.npmjs.org/@rollup%2frollup-android-arm64 set size:undefined disposed:false
554 silly fetch manifest @rollup/rollup-linux-s390x-gnu@4.63.2
555 silly packumentCache full:https://registry.npmjs.org/@rollup%2frollup-linux-s390x-gnu cache-miss
556 http fetch GET 200 https://registry.npmjs.org/@rollup%2frollup-freebsd-arm64 49ms (cache miss)
557 silly packumentCache full:https://registry.npmjs.org/@rollup%2frollup-freebsd-arm64 set size:undefined disposed:false
558 silly fetch manifest @rollup/rollup-win32-ia32-msvc@4.63.2
559 silly packumentCache full:https://registry.npmjs.org/@rollup%2frollup-win32-ia32-msvc cache-miss
560 http fetch GET 200 https://registry.npmjs.org/@rollup%2frollup-win32-x64-gnu 138ms (cache miss)
561 silly packumentCache full:https://registry.npmjs.org/@rollup%2frollup-win32-x64-gnu set size:undefined disposed:false
562 silly fetch manifest @rollup/rollup-android-arm-eabi@4.63.2
563 silly packumentCache full:https://registry.npmjs.org/@rollup%2frollup-android-arm-eabi cache-miss
564 http fetch GET 200 https://registry.npmjs.org/@rollup%2frollup-linux-s390x-gnu 113ms (cache miss)
565 silly packumentCache full:https://registry.npmjs.org/@rollup%2frollup-linux-s390x-gnu set size:undefined disposed:false
566 silly fetch manifest @rollup/rollup-linux-arm64-musl@4.63.2
567 silly packumentCache full:https://registry.npmjs.org/@rollup%2frollup-linux-arm64-musl cache-miss
568 http fetch GET 200 https://registry.npmjs.org/@rollup%2frollup-linux-arm64-gnu 128ms (cache miss)
569 silly packumentCache full:https://registry.npmjs.org/@rollup%2frollup-linux-arm64-gnu set size:undefined disposed:false
570 silly fetch manifest @rollup/rollup-linux-ppc64-musl@4.63.2
571 silly packumentCache full:https://registry.npmjs.org/@rollup%2frollup-linux-ppc64-musl cache-miss
572 http fetch GET 200 https://registry.npmjs.org/@rollup%2frollup-linux-x64-musl 134ms (cache miss)
573 silly packumentCache full:https://registry.npmjs.org/@rollup%2frollup-linux-x64-musl set size:undefined disposed:false
574 silly fetch manifest @rollup/rollup-win32-arm64-msvc@4.63.2
575 silly packumentCache full:https://registry.npmjs.org/@rollup%2frollup-win32-arm64-msvc cache-miss
576 http fetch GET 200 https://registry.npmjs.org/@rollup%2frollup-linux-ppc64-gnu 123ms (cache miss)
577 silly packumentCache full:https://registry.npmjs.org/@rollup%2frollup-linux-ppc64-gnu set size:undefined disposed:false
578 silly fetch manifest @rollup/rollup-linux-loong64-gnu@4.63.2
579 silly packumentCache full:https://registry.npmjs.org/@rollup%2frollup-linux-loong64-gnu cache-miss
580 http fetch GET 200 https://registry.npmjs.org/@rollup%2frollup-darwin-arm64 166ms (cache miss)
581 silly packumentCache full:https://registry.npmjs.org/@rollup%2frollup-darwin-arm64 set size:undefined disposed:false
582 silly fetch manifest @rollup/rollup-linux-riscv64-gnu@4.63.2
583 silly packumentCache full:https://registry.npmjs.org/@rollup%2frollup-linux-riscv64-gnu cache-miss
584 http fetch GET 200 https://registry.npmjs.org/source-map-js 209ms (cache miss)
585 silly packumentCache full:https://registry.npmjs.org/source-map-js set size:undefined disposed:false
586 silly fetch manifest @rollup/rollup-openharmony-arm64@4.63.2
587 silly packumentCache full:https://registry.npmjs.org/@rollup%2frollup-openharmony-arm64 cache-miss
588 http fetch GET 200 https://registry.npmjs.org/@rollup%2frollup-win32-x64-msvc 137ms (cache miss)
589 silly packumentCache full:https://registry.npmjs.org/@rollup%2frollup-win32-x64-msvc set size:undefined disposed:false
590 silly fetch manifest @rollup/rollup-linux-loong64-musl@4.63.2
591 silly packumentCache full:https://registry.npmjs.org/@rollup%2frollup-linux-loong64-musl cache-miss
592 http fetch GET 200 https://registry.npmjs.org/@rollup%2frollup-win32-ia32-msvc 135ms (cache miss)
593 silly packumentCache full:https://registry.npmjs.org/@rollup%2frollup-win32-ia32-msvc set size:undefined disposed:false
594 silly fetch manifest @rollup/rollup-linux-riscv64-musl@4.63.2
595 silly packumentCache full:https://registry.npmjs.org/@rollup%2frollup-linux-riscv64-musl cache-miss
596 http fetch GET 200 https://registry.npmjs.org/@rollup%2frollup-linux-ppc64-musl 37ms (cache miss)
597 silly packumentCache full:https://registry.npmjs.org/@rollup%2frollup-linux-ppc64-musl set size:undefined disposed:false
598 silly fetch manifest @rollup/rollup-linux-arm-gnueabihf@4.63.2
599 silly packumentCache full:https://registry.npmjs.org/@rollup%2frollup-linux-arm-gnueabihf cache-miss
600 http fetch GET 200 https://registry.npmjs.org/@rollup%2frollup-openharmony-arm64 33ms (cache miss)
601 silly packumentCache full:https://registry.npmjs.org/@rollup%2frollup-openharmony-arm64 set size:undefined disposed:false
602 silly fetch manifest @rollup/rollup-linux-arm-musleabihf@4.63.2
603 silly packumentCache full:https://registry.npmjs.org/@rollup%2frollup-linux-arm-musleabihf cache-miss
604 http fetch GET 200 https://registry.npmjs.org/@rollup%2frollup-android-arm-eabi 45ms (cache miss)
605 silly packumentCache full:https://registry.npmjs.org/@rollup%2frollup-android-arm-eabi set size:undefined disposed:false
606 http fetch GET 200 https://registry.npmjs.org/@rollup%2frollup-linux-loong64-musl 37ms (cache miss)
607 silly packumentCache full:https://registry.npmjs.org/@rollup%2frollup-linux-loong64-musl set size:undefined disposed:false
608 http fetch GET 200 https://registry.npmjs.org/@rollup%2frollup-linux-loong64-gnu 42ms (cache miss)
609 silly packumentCache full:https://registry.npmjs.org/@rollup%2frollup-linux-loong64-gnu set size:undefined disposed:false
610 http fetch GET 200 https://registry.npmjs.org/@rollup%2frollup-linux-arm64-musl 49ms (cache miss)
611 silly packumentCache full:https://registry.npmjs.org/@rollup%2frollup-linux-arm64-musl set size:undefined disposed:false
612 http fetch GET 200 https://registry.npmjs.org/@rollup%2frollup-win32-arm64-msvc 45ms (cache miss)
613 silly packumentCache full:https://registry.npmjs.org/@rollup%2frollup-win32-arm64-msvc set size:undefined disposed:false
614 http fetch GET 200 https://registry.npmjs.org/@rollup%2frollup-linux-riscv64-gnu 47ms (cache miss)
615 silly packumentCache full:https://registry.npmjs.org/@rollup%2frollup-linux-riscv64-gnu set size:undefined disposed:false
616 http fetch GET 200 https://registry.npmjs.org/@rollup%2frollup-linux-riscv64-musl 47ms (cache miss)
617 silly packumentCache full:https://registry.npmjs.org/@rollup%2frollup-linux-riscv64-musl set size:undefined disposed:false
618 http fetch GET 200 https://registry.npmjs.org/@rollup%2frollup-linux-arm-musleabihf 41ms (cache miss)
619 silly packumentCache full:https://registry.npmjs.org/@rollup%2frollup-linux-arm-musleabihf set size:undefined disposed:false
620 http fetch GET 200 https://registry.npmjs.org/@rollup%2frollup-linux-arm-gnueabihf 45ms (cache miss)
621 silly packumentCache full:https://registry.npmjs.org/@rollup%2frollup-linux-arm-gnueabihf set size:undefined disposed:false
622 silly placeDep ROOT @esbuild/aix-ppc64@0.21.5 OK for: esbuild@0.21.5 want: 0.21.5
623 silly placeDep ROOT @esbuild/android-arm@0.21.5 OK for: esbuild@0.21.5 want: 0.21.5
624 silly placeDep ROOT @esbuild/android-arm64@0.21.5 OK for: esbuild@0.21.5 want: 0.21.5
625 silly placeDep ROOT @esbuild/android-x64@0.21.5 OK for: esbuild@0.21.5 want: 0.21.5
626 silly placeDep ROOT @esbuild/darwin-arm64@0.21.5 OK for: esbuild@0.21.5 want: 0.21.5
627 silly placeDep ROOT @esbuild/darwin-x64@0.21.5 OK for: esbuild@0.21.5 want: 0.21.5
628 silly placeDep ROOT @esbuild/freebsd-arm64@0.21.5 OK for: esbuild@0.21.5 want: 0.21.5
629 silly placeDep ROOT @esbuild/freebsd-x64@0.21.5 OK for: esbuild@0.21.5 want: 0.21.5
630 silly placeDep ROOT @esbuild/linux-arm@0.21.5 OK for: esbuild@0.21.5 want: 0.21.5
631 silly placeDep ROOT @esbuild/linux-arm64@0.21.5 OK for: esbuild@0.21.5 want: 0.21.5
632 silly placeDep ROOT @esbuild/linux-ia32@0.21.5 OK for: esbuild@0.21.5 want: 0.21.5
633 silly placeDep ROOT @esbuild/linux-loong64@0.21.5 OK for: esbuild@0.21.5 want: 0.21.5
634 silly placeDep ROOT @esbuild/linux-mips64el@0.21.5 OK for: esbuild@0.21.5 want: 0.21.5
635 silly placeDep ROOT @esbuild/linux-ppc64@0.21.5 OK for: esbuild@0.21.5 want: 0.21.5
636 silly placeDep ROOT @esbuild/linux-riscv64@0.21.5 OK for: esbuild@0.21.5 want: 0.21.5
637 silly placeDep ROOT @esbuild/linux-s390x@0.21.5 OK for: esbuild@0.21.5 want: 0.21.5
638 silly placeDep ROOT @esbuild/linux-x64@0.21.5 OK for: esbuild@0.21.5 want: 0.21.5
639 silly placeDep ROOT @esbuild/netbsd-x64@0.21.5 OK for: esbuild@0.21.5 want: 0.21.5
640 silly placeDep ROOT @esbuild/openbsd-x64@0.21.5 OK for: esbuild@0.21.5 want: 0.21.5
641 silly placeDep ROOT @esbuild/sunos-x64@0.21.5 OK for: esbuild@0.21.5 want: 0.21.5
642 silly placeDep ROOT @esbuild/win32-arm64@0.21.5 OK for: esbuild@0.21.5 want: 0.21.5
643 silly placeDep ROOT @esbuild/win32-ia32@0.21.5 OK for: esbuild@0.21.5 want: 0.21.5
644 silly placeDep ROOT @esbuild/win32-x64@0.21.5 OK for: esbuild@0.21.5 want: 0.21.5
645 silly placeDep ROOT nanoid@3.3.19 OK for: postcss@8.5.28 want: ^3.3.18
646 silly placeDep ROOT source-map-js@1.2.1 OK for: postcss@8.5.28 want: ^1.2.1
647 silly placeDep ROOT @napi-rs/lzma-linux-x64-gnu@1.5.1 OK for: rollup@4.63.2 want: 1.5.1
648 silly placeDep ROOT @rollup/rollup-android-arm-eabi@4.63.2 OK for: rollup@4.63.2 want: 4.63.2
649 silly placeDep ROOT @rollup/rollup-android-arm64@4.63.2 OK for: rollup@4.63.2 want: 4.63.2
650 silly placeDep ROOT @rollup/rollup-darwin-arm64@4.63.2 OK for: rollup@4.63.2 want: 4.63.2
651 silly placeDep ROOT @rollup/rollup-darwin-x64@4.63.2 OK for: rollup@4.63.2 want: 4.63.2
652 silly placeDep ROOT @rollup/rollup-freebsd-arm64@4.63.2 OK for: rollup@4.63.2 want: 4.63.2
653 silly placeDep ROOT @rollup/rollup-freebsd-x64@4.63.2 OK for: rollup@4.63.2 want: 4.63.2
654 silly placeDep ROOT @rollup/rollup-linux-arm-gnueabihf@4.63.2 OK for: rollup@4.63.2 want: 4.63.2
655 silly placeDep ROOT @rollup/rollup-linux-arm-musleabihf@4.63.2 OK for: rollup@4.63.2 want: 4.63.2
656 silly placeDep ROOT @rollup/rollup-linux-arm64-gnu@4.63.2 OK for: rollup@4.63.2 want: 4.63.2
657 silly placeDep ROOT @rollup/rollup-linux-arm64-musl@4.63.2 OK for: rollup@4.63.2 want: 4.63.2
658 silly placeDep ROOT @rollup/rollup-linux-loong64-gnu@4.63.2 OK for: rollup@4.63.2 want: 4.63.2
659 silly placeDep ROOT @rollup/rollup-linux-loong64-musl@4.63.2 OK for: rollup@4.63.2 want: 4.63.2
660 silly placeDep ROOT @rollup/rollup-linux-ppc64-gnu@4.63.2 OK for: rollup@4.63.2 want: 4.63.2
661 silly placeDep ROOT @rollup/rollup-linux-ppc64-musl@4.63.2 OK for: rollup@4.63.2 want: 4.63.2
662 silly placeDep ROOT @rollup/rollup-linux-riscv64-gnu@4.63.2 OK for: rollup@4.63.2 want: 4.63.2
663 silly placeDep ROOT @rollup/rollup-linux-riscv64-musl@4.63.2 OK for: rollup@4.63.2 want: 4.63.2
664 silly placeDep ROOT @rollup/rollup-linux-s390x-gnu@4.63.2 OK for: rollup@4.63.2 want: 4.63.2
665 silly placeDep ROOT @rollup/rollup-linux-x64-gnu@4.63.2 OK for: rollup@4.63.2 want: 4.63.2
666 silly placeDep ROOT @rollup/rollup-linux-x64-musl@4.63.2 OK for: rollup@4.63.2 want: 4.63.2
667 silly placeDep ROOT @rollup/rollup-openbsd-x64@4.63.2 OK for: rollup@4.63.2 want: 4.63.2
668 silly placeDep ROOT @rollup/rollup-openharmony-arm64@4.63.2 OK for: rollup@4.63.2 want: 4.63.2
669 silly placeDep ROOT @rollup/rollup-win32-arm64-msvc@4.63.2 OK for: rollup@4.63.2 want: 4.63.2
670 silly placeDep ROOT @rollup/rollup-win32-ia32-msvc@4.63.2 OK for: rollup@4.63.2 want: 4.63.2
671 silly placeDep ROOT @rollup/rollup-win32-x64-gnu@4.63.2 OK for: rollup@4.63.2 want: 4.63.2
672 silly placeDep ROOT @rollup/rollup-win32-x64-msvc@4.63.2 OK for: rollup@4.63.2 want: 4.63.2
673 silly placeDep ROOT @types/estree@1.0.9 OK for: rollup@4.63.2 want: 1.0.9
674 silly reify moves {}
675 http cache source-map-js@https://registry.npmjs.org/source-map-js/-/source-map-js-1.2.1.tgz 0ms (cache hit)
676 http cache @types/estree@https://registry.npmjs.org/@types/estree/-/estree-1.0.9.tgz 0ms (cache hit)
677 http cache @rollup/rollup-darwin-arm64@https://registry.npmjs.org/@rollup/rollup-darwin-arm64/-/rollup-darwin-arm64-4.63.2.tgz 0ms (cache hit)
678 http cache @esbuild/darwin-arm64@https://registry.npmjs.org/@esbuild/darwin-arm64/-/darwin-arm64-0.21.5.tgz 0ms (cache hit)
679 http cache rollup@https://registry.npmjs.org/rollup/-/rollup-4.63.2.tgz 0ms (cache hit)
680 http cache postcss@https://registry.npmjs.org/postcss/-/postcss-8.5.28.tgz 0ms (cache hit)
681 http cache nanoid@https://registry.npmjs.org/nanoid/-/nanoid-3.3.19.tgz 0ms (cache hit)
682 http cache esbuild@https://registry.npmjs.org/esbuild/-/esbuild-0.21.5.tgz 0ms (cache hit)
683 http cache escalade@https://registry.npmjs.org/escalade/-/escalade-3.2.0.tgz 0ms (cache hit)
684 http cache scheduler@https://registry.npmjs.org/scheduler/-/scheduler-0.23.2.tgz 0ms (cache hit)
685 http cache fsevents@https://registry.npmjs.org/fsevents/-/fsevents-2.3.3.tgz 0ms (cache hit)
686 http cache loose-envify@https://registry.npmjs.org/loose-envify/-/loose-envify-1.4.0.tgz 0ms (cache hit)
687 http cache ms@https://registry.npmjs.org/ms/-/ms-2.1.3.tgz 0ms (cache hit)
688 http cache update-browserslist-db@https://registry.npmjs.org/update-browserslist-db/-/update-browserslist-db-1.3.3.tgz 0ms (cache hit)
689 http cache node-releases@https://registry.npmjs.org/node-releases/-/node-releases-2.0.55.tgz 0ms (cache hit)
690 http cache yallist@https://registry.npmjs.org/yallist/-/yallist-3.1.1.tgz 0ms (cache hit)
691 http cache electron-to-chromium@https://registry.npmjs.org/electron-to-chromium/-/electron-to-chromium-1.5.427.tgz 0ms (cache hit)
692 http cache @types/babel__traverse@https://registry.npmjs.org/@types/babel__traverse/-/babel__traverse-7.28.0.tgz 0ms (cache hit)
693 http cache caniuse-lite@https://registry.npmjs.org/caniuse-lite/-/caniuse-lite-1.0.30001810.tgz 0ms (cache hit)
694 http cache baseline-browser-mapping@https://registry.npmjs.org/baseline-browser-mapping/-/baseline-browser-mapping-2.11.23.tgz 0ms (cache hit)
695 http cache @types/babel__generator@https://registry.npmjs.org/@types/babel__generator/-/babel__generator-7.27.0.tgz 0ms (cache hit)
696 http cache @babel/helper-string-parser@https://registry.npmjs.org/@babel/helper-string-parser/-/helper-string-parser-7.29.7.tgz 0ms (cache hit)
697 http cache @jridgewell/sourcemap-codec@https://registry.npmjs.org/@jridgewell/sourcemap-codec/-/sourcemap-codec-1.6.0.tgz 0ms (cache hit)
698 http cache @jridgewell/resolve-uri@https://registry.npmjs.org/@jridgewell/resolve-uri/-/resolve-uri-3.1.2.tgz 0ms (cache hit)
699 http cache @types/babel__template@https://registry.npmjs.org/@types/babel__template/-/babel__template-7.4.4.tgz 0ms (cache hit)
700 http cache @babel/helper-plugin-utils@https://registry.npmjs.org/@babel/helper-plugin-utils/-/helper-plugin-utils-7.29.7.tgz 0ms (cache hit)
701 http cache @babel/helper-module-imports@https://registry.npmjs.org/@babel/helper-module-imports/-/helper-module-imports-7.29.7.tgz 0ms (cache hit)
702 http cache @babel/helper-globals@https://registry.npmjs.org/@babel/helper-globals/-/helper-globals-7.29.7.tgz 0ms (cache hit)
703 http cache lru-cache@https://registry.npmjs.org/lru-cache/-/lru-cache-5.1.1.tgz 0ms (cache hit)
704 http cache browserslist@https://registry.npmjs.org/browserslist/-/browserslist-4.28.9.tgz 0ms (cache hit)
705 http cache @babel/helper-validator-option@https://registry.npmjs.org/@babel/helper-validator-option/-/helper-validator-option-7.29.7.tgz 0ms (cache hit)
706 http cache jsesc@https://registry.npmjs.org/jsesc/-/jsesc-3.1.0.tgz 0ms (cache hit)
707 http cache @jridgewell/gen-mapping@https://registry.npmjs.org/@jridgewell/gen-mapping/-/gen-mapping-0.3.13.tgz 0ms (cache hit)
708 http cache js-tokens@https://registry.npmjs.org/js-tokens/-/js-tokens-4.0.0.tgz 0ms (cache hit)
709 http cache @jridgewell/trace-mapping@https://registry.npmjs.org/@jridgewell/trace-mapping/-/trace-mapping-0.3.31.tgz 0ms (cache hit)
710 http cache @babel/compat-data@https://registry.npmjs.org/@babel/compat-data/-/compat-data-7.29.7.tgz 0ms (cache hit)
711 http cache picocolors@https://registry.npmjs.org/picocolors/-/picocolors-1.1.1.tgz 0ms (cache hit)
712 http cache @babel/helper-validator-identifier@https://registry.npmjs.org/@babel/helper-validator-identifier/-/helper-validator-identifier-7.29.7.tgz 0ms (cache hit)
713 http cache json5@https://registry.npmjs.org/json5/-/json5-2.2.3.tgz 0ms (cache hit)
714 http cache gensync@https://registry.npmjs.org/gensync/-/gensync-1.0.0-beta.2.tgz 0ms (cache hit)
715 http cache debug@https://registry.npmjs.org/debug/-/debug-4.4.3.tgz 0ms (cache hit)
716 http cache convert-source-map@https://registry.npmjs.org/convert-source-map/-/convert-source-map-2.0.0.tgz 0ms (cache hit)
717 http cache @jridgewell/remapping@https://registry.npmjs.org/@jridgewell/remapping/-/remapping-2.3.5.tgz 0ms (cache hit)
718 http cache @babel/types@https://registry.npmjs.org/@babel/types/-/types-7.29.8.tgz 0ms (cache hit)
719 http cache @babel/traverse@https://registry.npmjs.org/@babel/traverse/-/traverse-7.29.8.tgz 0ms (cache hit)
720 http cache @babel/template@https://registry.npmjs.org/@babel/template/-/template-7.29.7.tgz 0ms (cache hit)
721 http cache @babel/parser@https://registry.npmjs.org/@babel/parser/-/parser-7.29.8.tgz 0ms (cache hit)
722 http cache @babel/helpers@https://registry.npmjs.org/@babel/helpers/-/helpers-7.29.7.tgz 0ms (cache hit)
723 http cache @babel/helper-module-transforms@https://registry.npmjs.org/@babel/helper-module-transforms/-/helper-module-transforms-7.29.7.tgz 0ms (cache hit)
724 http cache @babel/helper-compilation-targets@https://registry.npmjs.org/@babel/helper-compilation-targets/-/helper-compilation-targets-7.29.7.tgz 0ms (cache hit)
725 http cache @babel/generator@https://registry.npmjs.org/@babel/generator/-/generator-7.29.8.tgz 0ms (cache hit)
726 http cache semver@https://registry.npmjs.org/semver/-/semver-6.3.1.tgz 0ms (cache hit)
727 http cache @babel/code-frame@https://registry.npmjs.org/@babel/code-frame/-/code-frame-7.29.7.tgz 0ms (cache hit)
728 http cache react-refresh@https://registry.npmjs.org/react-refresh/-/react-refresh-0.17.0.tgz 0ms (cache hit)
729 http cache @rolldown/pluginutils@https://registry.npmjs.org/@rolldown/pluginutils/-/pluginutils-1.0.0-beta.27.tgz 0ms (cache hit)
730 http cache @types/babel__core@https://registry.npmjs.org/@types/babel__core/-/babel__core-7.20.5.tgz 0ms (cache hit)
731 http cache @babel/core@https://registry.npmjs.org/@babel/core/-/core-7.29.7.tgz 0ms (cache hit)
732 http cache @types/prop-types@https://registry.npmjs.org/@types/prop-types/-/prop-types-15.7.15.tgz 0ms (cache hit)
733 http cache csstype@https://registry.npmjs.org/csstype/-/csstype-3.2.3.tgz 0ms (cache hit)
734 http cache typescript@https://registry.npmjs.org/typescript/-/typescript-5.9.3.tgz 0ms (cache hit)
735 http cache @babel/plugin-transform-react-jsx-self@https://registry.npmjs.org/@babel/plugin-transform-react-jsx-self/-/plugin-transform-react-jsx-self-7.29.7.tgz 0ms (cache hit)
736 http cache @babel/plugin-transform-react-jsx-source@https://registry.npmjs.org/@babel/plugin-transform-react-jsx-source/-/plugin-transform-react-jsx-source-7.29.7.tgz 0ms (cache hit)
737 http cache react@https://registry.npmjs.org/react/-/react-18.3.1.tgz 0ms (cache hit)
738 http cache react-dom@https://registry.npmjs.org/react-dom/-/react-dom-18.3.1.tgz 0ms (cache hit)
739 http cache vite@https://registry.npmjs.org/vite/-/vite-5.4.21.tgz 0ms (cache hit)
740 silly tarball no local data for source-map-js@https://registry.npmjs.org/source-map-js/-/source-map-js-1.2.1.tgz. Extracting by manifest.
741 silly tarball no local data for @types/estree@https://registry.npmjs.org/@types/estree/-/estree-1.0.9.tgz. Extracting by manifest.
742 silly tarball no local data for @rollup/rollup-darwin-arm64@https://registry.npmjs.org/@rollup/rollup-darwin-arm64/-/rollup-darwin-arm64-4.63.2.tgz. Extracting by manifest.
743 silly tarball no local data for @esbuild/darwin-arm64@https://registry.npmjs.org/@esbuild/darwin-arm64/-/darwin-arm64-0.21.5.tgz. Extracting by manifest.
744 silly tarball no local data for rollup@https://registry.npmjs.org/rollup/-/rollup-4.63.2.tgz. Extracting by manifest.
745 silly tarball no local data for postcss@https://registry.npmjs.org/postcss/-/postcss-8.5.28.tgz. Extracting by manifest.
746 silly tarball no local data for nanoid@https://registry.npmjs.org/nanoid/-/nanoid-3.3.19.tgz. Extracting by manifest.
747 silly tarball no local data for esbuild@https://registry.npmjs.org/esbuild/-/esbuild-0.21.5.tgz. Extracting by manifest.
748 silly tarball no local data for escalade@https://registry.npmjs.org/escalade/-/escalade-3.2.0.tgz. Extracting by manifest.
749 silly tarball no local data for scheduler@https://registry.npmjs.org/scheduler/-/scheduler-0.23.2.tgz. Extracting by manifest.
750 http cache @types/react-dom@https://registry.npmjs.org/@types/react-dom/-/react-dom-18.3.7.tgz 0ms (cache hit)
751 silly tarball no local data for fsevents@https://registry.npmjs.org/fsevents/-/fsevents-2.3.3.tgz. Extracting by manifest.
752 silly tarball no local data for loose-envify@https://registry.npmjs.org/loose-envify/-/loose-envify-1.4.0.tgz. Extracting by manifest.
753 silly tarball no local data for ms@https://registry.npmjs.org/ms/-/ms-2.1.3.tgz. Extracting by manifest.
754 silly tarball no local data for update-browserslist-db@https://registry.npmjs.org/update-browserslist-db/-/update-browserslist-db-1.3.3.tgz. Extracting by manifest.
755 http cache @types/react@https://registry.npmjs.org/@types/react/-/react-18.3.31.tgz 0ms (cache hit)
756 silly tarball no local data for node-releases@https://registry.npmjs.org/node-releases/-/node-releases-2.0.55.tgz. Extracting by manifest.
757 silly tarball no local data for yallist@https://registry.npmjs.org/yallist/-/yallist-3.1.1.tgz. Extracting by manifest.
758 http cache @vitejs/plugin-react@https://registry.npmjs.org/@vitejs/plugin-react/-/plugin-react-4.7.0.tgz 0ms (cache hit)
759 silly tarball no local data for electron-to-chromium@https://registry.npmjs.org/electron-to-chromium/-/electron-to-chromium-1.5.427.tgz. Extracting by manifest.
760 silly tarball no local data for @types/babel__traverse@https://registry.npmjs.org/@types/babel__traverse/-/babel__traverse-7.28.0.tgz. Extracting by manifest.
761 silly tarball no local data for caniuse-lite@https://registry.npmjs.org/caniuse-lite/-/caniuse-lite-1.0.30001810.tgz. Extracting by manifest.
762 silly tarball no local data for baseline-browser-mapping@https://registry.npmjs.org/baseline-browser-mapping/-/baseline-browser-mapping-2.11.23.tgz. Extracting by manifest.
763 silly tarball no local data for @types/babel__generator@https://registry.npmjs.org/@types/babel__generator/-/babel__generator-7.27.0.tgz. Extracting by manifest.
764 silly tarball no local data for @babel/helper-string-parser@https://registry.npmjs.org/@babel/helper-string-parser/-/helper-string-parser-7.29.7.tgz. Extracting by manifest.
765 silly tarball no local data for @jridgewell/sourcemap-codec@https://registry.npmjs.org/@jridgewell/sourcemap-codec/-/sourcemap-codec-1.6.0.tgz. Extracting by manifest.
766 silly tarball no local data for @jridgewell/resolve-uri@https://registry.npmjs.org/@jridgewell/resolve-uri/-/resolve-uri-3.1.2.tgz. Extracting by manifest.
767 silly tarball no local data for @types/babel__template@https://registry.npmjs.org/@types/babel__template/-/babel__template-7.4.4.tgz. Extracting by manifest.
768 silly tarball no local data for @babel/helper-plugin-utils@https://registry.npmjs.org/@babel/helper-plugin-utils/-/helper-plugin-utils-7.29.7.tgz. Extracting by manifest.
769 silly tarball no local data for @babel/helper-module-imports@https://registry.npmjs.org/@babel/helper-module-imports/-/helper-module-imports-7.29.7.tgz. Extracting by manifest.
770 silly tarball no local data for @babel/helper-globals@https://registry.npmjs.org/@babel/helper-globals/-/helper-globals-7.29.7.tgz. Extracting by manifest.
771 silly tarball no local data for lru-cache@https://registry.npmjs.org/lru-cache/-/lru-cache-5.1.1.tgz. Extracting by manifest.
772 silly tarball no local data for browserslist@https://registry.npmjs.org/browserslist/-/browserslist-4.28.9.tgz. Extracting by manifest.
773 silly tarball no local data for @babel/helper-validator-option@https://registry.npmjs.org/@babel/helper-validator-option/-/helper-validator-option-7.29.7.tgz. Extracting by manifest.
774 silly tarball no local data for jsesc@https://registry.npmjs.org/jsesc/-/jsesc-3.1.0.tgz. Extracting by manifest.
775 silly tarball no local data for @jridgewell/gen-mapping@https://registry.npmjs.org/@jridgewell/gen-mapping/-/gen-mapping-0.3.13.tgz. Extracting by manifest.
776 silly tarball no local data for js-tokens@https://registry.npmjs.org/js-tokens/-/js-tokens-4.0.0.tgz. Extracting by manifest.
777 silly tarball no local data for @jridgewell/trace-mapping@https://registry.npmjs.org/@jridgewell/trace-mapping/-/trace-mapping-0.3.31.tgz. Extracting by manifest.
778 silly tarball no local data for @babel/compat-data@https://registry.npmjs.org/@babel/compat-data/-/compat-data-7.29.7.tgz. Extracting by manifest.
779 silly tarball no local data for picocolors@https://registry.npmjs.org/picocolors/-/picocolors-1.1.1.tgz. Extracting by manifest.
780 silly tarball no local data for @babel/helper-validator-identifier@https://registry.npmjs.org/@babel/helper-validator-identifier/-/helper-validator-identifier-7.29.7.tgz. Extracting by manifest.
781 silly tarball no local data for json5@https://registry.npmjs.org/json5/-/json5-2.2.3.tgz. Extracting by manifest.
782 silly tarball no local data for gensync@https://registry.npmjs.org/gensync/-/gensync-1.0.0-beta.2.tgz. Extracting by manifest.
783 silly tarball no local data for debug@https://registry.npmjs.org/debug/-/debug-4.4.3.tgz. Extracting by manifest.
784 silly tarball no local data for convert-source-map@https://registry.npmjs.org/convert-source-map/-/convert-source-map-2.0.0.tgz. Extracting by manifest.
785 silly tarball no local data for @jridgewell/remapping@https://registry.npmjs.org/@jridgewell/remapping/-/remapping-2.3.5.tgz. Extracting by manifest.
786 silly tarball no local data for @babel/types@https://registry.npmjs.org/@babel/types/-/types-7.29.8.tgz. Extracting by manifest.
787 silly tarball no local data for @babel/traverse@https://registry.npmjs.org/@babel/traverse/-/traverse-7.29.8.tgz. Extracting by manifest.
788 silly tarball no local data for @babel/template@https://registry.npmjs.org/@babel/template/-/template-7.29.7.tgz. Extracting by manifest.
789 silly tarball no local data for @babel/parser@https://registry.npmjs.org/@babel/parser/-/parser-7.29.8.tgz. Extracting by manifest.
790 silly tarball no local data for @babel/helpers@https://registry.npmjs.org/@babel/helpers/-/helpers-7.29.7.tgz. Extracting by manifest.
791 silly tarball no local data for @babel/helper-module-transforms@https://registry.npmjs.org/@babel/helper-module-transforms/-/helper-module-transforms-7.29.7.tgz. Extracting by manifest.
792 silly tarball no local data for @babel/helper-compilation-targets@https://registry.npmjs.org/@babel/helper-compilation-targets/-/helper-compilation-targets-7.29.7.tgz. Extracting by manifest.
793 silly tarball no local data for @babel/generator@https://registry.npmjs.org/@babel/generator/-/generator-7.29.8.tgz. Extracting by manifest.
794 silly tarball no local data for semver@https://registry.npmjs.org/semver/-/semver-6.3.1.tgz. Extracting by manifest.
795 silly tarball no local data for @babel/code-frame@https://registry.npmjs.org/@babel/code-frame/-/code-frame-7.29.7.tgz. Extracting by manifest.
796 silly tarball no local data for react-refresh@https://registry.npmjs.org/react-refresh/-/react-refresh-0.17.0.tgz. Extracting by manifest.
797 silly tarball no local data for @rolldown/pluginutils@https://registry.npmjs.org/@rolldown/pluginutils/-/pluginutils-1.0.0-beta.27.tgz. Extracting by manifest.
798 silly tarball no local data for @types/babel__core@https://registry.npmjs.org/@types/babel__core/-/babel__core-7.20.5.tgz. Extracting by manifest.
799 silly tarball no local data for @babel/core@https://registry.npmjs.org/@babel/core/-/core-7.29.7.tgz. Extracting by manifest.
800 silly tarball no local data for @types/prop-types@https://registry.npmjs.org/@types/prop-types/-/prop-types-15.7.15.tgz. Extracting by manifest.
801 silly tarball no local data for csstype@https://registry.npmjs.org/csstype/-/csstype-3.2.3.tgz. Extracting by manifest.
802 silly tarball no local data for typescript@https://registry.npmjs.org/typescript/-/typescript-5.9.3.tgz. Extracting by manifest.
803 silly tarball no local data for @babel/plugin-transform-react-jsx-self@https://registry.npmjs.org/@babel/plugin-transform-react-jsx-self/-/plugin-transform-react-jsx-self-7.29.7.tgz. Extracting by manifest.
804 silly tarball no local data for @babel/plugin-transform-react-jsx-source@https://registry.npmjs.org/@babel/plugin-transform-react-jsx-source/-/plugin-transform-react-jsx-source-7.29.7.tgz. Extracting by manifest.
805 silly tarball no local data for react@https://registry.npmjs.org/react/-/react-18.3.1.tgz. Extracting by manifest.
806 silly tarball no local data for react-dom@https://registry.npmjs.org/react-dom/-/react-dom-18.3.1.tgz. Extracting by manifest.
807 silly tarball no local data for vite@https://registry.npmjs.org/vite/-/vite-5.4.21.tgz. Extracting by manifest.
808 silly tarball no local data for @types/react-dom@https://registry.npmjs.org/@types/react-dom/-/react-dom-18.3.7.tgz. Extracting by manifest.
809 silly tarball no local data for @types/react@https://registry.npmjs.org/@types/react/-/react-18.3.31.tgz. Extracting by manifest.
810 silly tarball no local data for @vitejs/plugin-react@https://registry.npmjs.org/@vitejs/plugin-react/-/plugin-react-4.7.0.tgz. Extracting by manifest.
811 http fetch GET 200 https://registry.npmjs.org/escalade/-/escalade-3.2.0.tgz 43ms (cache miss)
812 http fetch GET 200 https://registry.npmjs.org/@types/estree/-/estree-1.0.9.tgz 45ms (cache miss)
813 http fetch GET 200 https://registry.npmjs.org/nanoid/-/nanoid-3.3.19.tgz 44ms (cache miss)
814 http fetch GET 200 https://registry.npmjs.org/esbuild/-/esbuild-0.21.5.tgz 44ms (cache miss)
815 http fetch GET 200 https://registry.npmjs.org/source-map-js/-/source-map-js-1.2.1.tgz 47ms (cache miss)
816 http fetch GET 200 https://registry.npmjs.org/yallist/-/yallist-3.1.1.tgz 50ms (cache miss)
817 http fetch GET 200 https://registry.npmjs.org/electron-to-chromium/-/electron-to-chromium-1.5.427.tgz 54ms (cache miss)
818 http fetch GET 200 https://registry.npmjs.org/postcss/-/postcss-8.5.28.tgz 56ms (cache miss)
819 http fetch GET 200 https://registry.npmjs.org/baseline-browser-mapping/-/baseline-browser-mapping-2.11.23.tgz 58ms (cache miss)
820 http fetch GET 200 https://registry.npmjs.org/@types/babel__traverse/-/babel__traverse-7.28.0.tgz 67ms (cache miss)
821 http fetch GET 200 https://registry.npmjs.org/rollup/-/rollup-4.63.2.tgz 70ms (cache miss)
822 http fetch GET 200 https://registry.npmjs.org/loose-envify/-/loose-envify-1.4.0.tgz 73ms (cache miss)
823 http fetch GET 200 https://registry.npmjs.org/node-releases/-/node-releases-2.0.55.tgz 78ms (cache miss)
824 http fetch GET 200 https://registry.npmjs.org/update-browserslist-db/-/update-browserslist-db-1.3.3.tgz 78ms (cache miss)
825 http fetch GET 200 https://registry.npmjs.org/ms/-/ms-2.1.3.tgz 78ms (cache miss)
826 http fetch GET 200 https://registry.npmjs.org/fsevents/-/fsevents-2.3.3.tgz 78ms (cache miss)
827 http fetch GET 200 https://registry.npmjs.org/@types/babel__generator/-/babel__generator-7.27.0.tgz 77ms (cache miss)
828 http fetch GET 200 https://registry.npmjs.org/scheduler/-/scheduler-0.23.2.tgz 80ms (cache miss)
829 http fetch GET 200 https://registry.npmjs.org/@babel/helper-string-parser/-/helper-string-parser-7.29.7.tgz 82ms (cache miss)
830 http fetch GET 200 https://registry.npmjs.org/@types/babel__template/-/babel__template-7.4.4.tgz 84ms (cache miss)
831 http fetch GET 200 https://registry.npmjs.org/@jridgewell/sourcemap-codec/-/sourcemap-codec-1.6.0.tgz 86ms (cache miss)
832 http fetch GET 200 https://registry.npmjs.org/@jridgewell/resolve-uri/-/resolve-uri-3.1.2.tgz 88ms (cache miss)
833 http fetch GET 200 https://registry.npmjs.org/@babel/helper-plugin-utils/-/helper-plugin-utils-7.29.7.tgz 95ms (cache miss)
834 http fetch GET 200 https://registry.npmjs.org/lru-cache/-/lru-cache-5.1.1.tgz 94ms (cache miss)
835 http fetch GET 200 https://registry.npmjs.org/@babel/helper-module-imports/-/helper-module-imports-7.29.7.tgz 94ms (cache miss)
836 http fetch GET 200 https://registry.npmjs.org/@babel/helper-globals/-/helper-globals-7.29.7.tgz 98ms (cache miss)
837 http fetch GET 200 https://registry.npmjs.org/jsesc/-/jsesc-3.1.0.tgz 100ms (cache miss)
838 http fetch GET 200 https://registry.npmjs.org/browserslist/-/browserslist-4.28.9.tgz 100ms (cache miss)
839 http fetch GET 200 https://registry.npmjs.org/@babel/helper-validator-option/-/helper-validator-option-7.29.7.tgz 101ms (cache miss)
840 http fetch GET 200 https://registry.npmjs.org/picocolors/-/picocolors-1.1.1.tgz 105ms (cache miss)
841 http fetch GET 200 https://registry.npmjs.org/js-tokens/-/js-tokens-4.0.0.tgz 106ms (cache miss)
842 http fetch GET 200 https://registry.npmjs.org/@jridgewell/gen-mapping/-/gen-mapping-0.3.13.tgz 108ms (cache miss)
843 http fetch GET 200 https://registry.npmjs.org/@babel/compat-data/-/compat-data-7.29.7.tgz 113ms (cache miss)
844 http fetch GET 200 https://registry.npmjs.org/debug/-/debug-4.4.3.tgz 113ms (cache miss)
845 http fetch GET 200 https://registry.npmjs.org/gensync/-/gensync-1.0.0-beta.2.tgz 115ms (cache miss)
846 http fetch GET 200 https://registry.npmjs.org/@babel/helper-validator-identifier/-/helper-validator-identifier-7.29.7.tgz 116ms (cache miss)
847 http fetch GET 200 https://registry.npmjs.org/convert-source-map/-/convert-source-map-2.0.0.tgz 119ms (cache miss)
848 http fetch GET 200 https://registry.npmjs.org/json5/-/json5-2.2.3.tgz 119ms (cache miss)
849 http fetch GET 200 https://registry.npmjs.org/@jridgewell/trace-mapping/-/trace-mapping-0.3.31.tgz 133ms (cache miss)
850 http fetch GET 200 https://registry.npmjs.org/semver/-/semver-6.3.1.tgz 136ms (cache miss)
851 http fetch GET 200 https://registry.npmjs.org/@babel/template/-/template-7.29.7.tgz 139ms (cache miss)
852 http fetch GET 200 https://registry.npmjs.org/@jridgewell/remapping/-/remapping-2.3.5.tgz 142ms (cache miss)
853 http fetch GET 200 https://registry.npmjs.org/@babel/helper-compilation-targets/-/helper-compilation-targets-7.29.7.tgz 143ms (cache miss)
854 http fetch GET 200 https://registry.npmjs.org/react-refresh/-/react-refresh-0.17.0.tgz 144ms (cache miss)
855 http fetch GET 200 https://registry.npmjs.org/@babel/code-frame/-/code-frame-7.29.7.tgz 147ms (cache miss)
856 http fetch GET 200 https://registry.npmjs.org/@babel/parser/-/parser-7.29.8.tgz 148ms (cache miss)
857 http fetch GET 200 https://registry.npmjs.org/@babel/helper-module-transforms/-/helper-module-transforms-7.29.7.tgz 149ms (cache miss)
858 http fetch GET 200 https://registry.npmjs.org/@types/babel__core/-/babel__core-7.20.5.tgz 164ms (cache miss)
859 http fetch GET 200 https://registry.npmjs.org/@types/prop-types/-/prop-types-15.7.15.tgz 165ms (cache miss)
860 http fetch GET 200 https://registry.npmjs.org/@rolldown/pluginutils/-/pluginutils-1.0.0-beta.27.tgz 171ms (cache miss)
861 http fetch GET 200 https://registry.npmjs.org/react/-/react-18.3.1.tgz 174ms (cache miss)
862 http fetch GET 200 https://registry.npmjs.org/csstype/-/csstype-3.2.3.tgz 175ms (cache miss)
863 http fetch GET 200 https://registry.npmjs.org/@babel/traverse/-/traverse-7.29.8.tgz 177ms (cache miss)
864 http fetch GET 200 https://registry.npmjs.org/@babel/plugin-transform-react-jsx-source/-/plugin-transform-react-jsx-source-7.29.7.tgz 176ms (cache miss)
865 http fetch GET 200 https://registry.npmjs.org/@babel/generator/-/generator-7.29.8.tgz 179ms (cache miss)
866 http fetch GET 200 https://registry.npmjs.org/@types/react-dom/-/react-dom-18.3.7.tgz 188ms (cache miss)
867 http fetch GET 200 https://registry.npmjs.org/@types/react/-/react-18.3.31.tgz 184ms (cache miss)
868 http fetch GET 200 https://registry.npmjs.org/@vitejs/plugin-react/-/plugin-react-4.7.0.tgz 186ms (cache miss)
869 http fetch GET 200 https://registry.npmjs.org/vite/-/vite-5.4.21.tgz 211ms (cache miss)
870 http fetch GET 200 https://registry.npmjs.org/react-dom/-/react-dom-18.3.1.tgz 222ms (cache miss)
871 http fetch GET 200 https://registry.npmjs.org/@babel/types/-/types-7.29.8.tgz 251ms (cache miss)
872 http fetch GET 200 https://registry.npmjs.org/@babel/core/-/core-7.29.7.tgz 254ms (cache miss)
873 http fetch GET 200 https://registry.npmjs.org/@babel/helpers/-/helpers-7.29.7.tgz 266ms (cache miss)
874 http fetch GET 200 https://registry.npmjs.org/caniuse-lite/-/caniuse-lite-1.0.30001810.tgz 299ms (cache miss)
875 http fetch GET 200 https://registry.npmjs.org/typescript/-/typescript-5.9.3.tgz 307ms (cache miss)
876 http fetch GET 200 https://registry.npmjs.org/@babel/plugin-transform-react-jsx-self/-/plugin-transform-react-jsx-self-7.29.7.tgz 374ms (cache miss)
877 http fetch GET 200 https://registry.npmjs.org/@rollup/rollup-darwin-arm64/-/rollup-darwin-arm64-4.63.2.tgz 381ms (cache miss)
878 http fetch GET 200 https://registry.npmjs.org/@esbuild/darwin-arm64/-/darwin-arm64-0.21.5.tgz 404ms (cache miss)
879 info run fsevents@2.3.3 install node_modules/fsevents node-gyp rebuild
880 info run fsevents@2.3.3 install { code: 1, signal: null }
881 verbose reify failed optional dependency /Users/macbook/Documents/School/model-magazynu-opadowego-ELM08/node_modules/fsevents
882 silly reify mark deleted [
882 silly reify   '/Users/macbook/Documents/School/model-magazynu-opadowego-ELM08/node_modules/fsevents'
882 silly reify ]
883 info run esbuild@0.21.5 postinstall node_modules/esbuild node install.js
884 info run esbuild@0.21.5 postinstall { code: 0, signal: null }
885 silly ADD node_modules/@types/estree
886 silly ADD node_modules/@rollup/rollup-darwin-arm64
887 silly ADD node_modules/source-map-js
888 silly ADD node_modules/nanoid
889 silly ADD node_modules/@esbuild/darwin-arm64
890 silly ADD node_modules/rollup
891 silly ADD node_modules/postcss
892 silly ADD
893 silly ADD node_modules/esbuild
894 silly ADD node_modules/escalade
895 silly ADD node_modules/scheduler
896 silly ADD node_modules/loose-envify
897 silly ADD node_modules/yallist
898 silly ADD node_modules/ms
899 silly ADD node_modules/update-browserslist-db
900 silly ADD node_modules/node-releases
901 silly ADD node_modules/electron-to-chromium
902 silly ADD node_modules/caniuse-lite
903 silly ADD node_modules/baseline-browser-mapping
904 silly ADD node_modules/@types/babel__traverse
905 silly ADD node_modules/@types/babel__template
906 silly ADD node_modules/@types/babel__generator
907 silly ADD node_modules/@jridgewell/resolve-uri
908 silly ADD node_modules/@jridgewell/sourcemap-codec
909 silly ADD node_modules/@babel/helper-string-parser
910 silly ADD node_modules/@babel/helper-globals
911 silly ADD node_modules/@babel/helper-plugin-utils
912 silly ADD node_modules/@babel/helper-module-imports
913 silly ADD node_modules/lru-cache
914 silly ADD node_modules/browserslist
915 silly ADD node_modules/@babel/helper-validator-option
916 silly ADD node_modules/@babel/compat-data
917 silly ADD node_modules/jsesc
918 silly ADD node_modules/@jridgewell/trace-mapping
919 silly ADD node_modules/@jridgewell/gen-mapping
920 silly ADD node_modules/picocolors
921 silly ADD node_modules/js-tokens
922 silly ADD node_modules/@babel/helper-validator-identifier
923 silly ADD node_modules/semver
924 silly ADD node_modules/json5
925 silly ADD node_modules/gensync
926 silly ADD node_modules/debug
927 silly ADD node_modules/convert-source-map
928 silly ADD node_modules/@jridgewell/remapping
929 silly ADD node_modules/@babel/types
930 silly ADD node_modules/@babel/traverse
931 silly ADD node_modules/@babel/template
932 silly ADD node_modules/@babel/parser
933 silly ADD node_modules/@babel/helpers
934 silly ADD node_modules/@babel/helper-module-transforms
935 silly ADD node_modules/@babel/helper-compilation-targets
936 silly ADD node_modules/@babel/generator
937 silly ADD node_modules/@babel/code-frame
938 silly ADD node_modules/react-refresh
939 silly ADD node_modules/@types/babel__core
940 silly ADD node_modules/@rolldown/pluginutils
941 silly ADD node_modules/@babel/plugin-transform-react-jsx-source
942 silly ADD node_modules/@babel/plugin-transform-react-jsx-self
943 silly ADD node_modules/@babel/core
944 silly ADD node_modules/csstype
945 silly ADD node_modules/@types/prop-types
946 silly ADD node_modules/typescript
947 silly ADD node_modules/react-dom
948 silly ADD node_modules/react
949 silly ADD node_modules/vite
950 silly ADD node_modules/@vitejs/plugin-react
951 silly ADD node_modules/@types/react-dom
952 silly ADD node_modules/@types/react
953 verbose cwd /Users/macbook/Documents/School/model-magazynu-opadowego-ELM08
954 verbose os Darwin 25.6.0
955 verbose node v25.9.0
956 verbose npm  v11.12.1
957 notice
957 notice New minor version of npm available! 11.12.1 -> 11.19.1
957 notice Changelog: https://github.com/npm/cli/releases/tag/v11.19.1
957 notice To update run: npm install -g npm@11.19.1
957 notice  { force: true, Symbol(proc-log.meta): true }
958 verbose exit 0
959 info ok
